Booting Linux on physical CPU 0x0000000000 [0x410fd034]
Linux version 4.19.294 (docker@2fbcc3225bf9) (gcc version 10.3.0 (Buildroot 2021.02.4)) #36 SMP PREEMPT Fri Sep 4 10:08:56 UTC 2026
Machine model: linux,dummy-virt
earlycon: pl11 at MMIO32 0x0000000009000000 (options '')
bootconsole [pl11] enabled
On node 0 totalpages: 262144
  DMA32 zone: 4096 pages used for memmap
  DMA32 zone: 0 pages reserved
  DMA32 zone: 262144 pages, LIFO batch:63
psci: probing for conduit method from DT.
psci: PSCIv1.1 detected in firmware.
psci: Using standard PSCI v0.2 function IDs
psci: Trusted OS migration not required
psci: SMC Calling Convention v1.0
percpu: Embedded 32 pages/cpu s94168 r8192 d28712 u131072
pcpu-alloc: s94168 r8192 d28712 u131072 alloc=32*4096
pcpu-alloc: [0] 0 [0] 1 
Detected VIPT I-cache on CPU0
CPU features: enabling workaround for ARM erratum 843419
CPU features: enabling workaround for ARM erratum 845719
Built 1 zonelists, mobility grouping on.  Total pages: 258048
Kernel command line: console=ttyAMA0 earlycon=pl011,mmio32,0x09000000 rdinit=/init panic=0 oops=panic nokaslr loglevel=8 initcall_debug initcall_blacklist=bcm_pmc_drv_reg,bcm_ubus_drv_init,pmc_xrdp_init,pmc_wan_initcall,bcmbca_vreg_sync_drv_reg
blacklisting initcall bcm_pmc_drv_reg
blacklisting initcall bcm_ubus_drv_init
blacklisting initcall pmc_xrdp_init
blacklisting initcall pmc_wan_initcall
blacklisting initcall bcmbca_vreg_sync_drv_reg
Dentry cache hash table entries: 131072 (order: 8, 1048576 bytes)
Inode-cache hash table entries: 65536 (order: 7, 524288 bytes)
Memory: 930584K/1048576K available (8638K kernel code, 570K rwdata, 1876K rodata, 1344K init, 740K bss, 117992K reserved, 0K cma-reserved)
SLUB: HWalign=64, Order=0-3, MinObjects=0, CPUs=2, Nodes=1
rcu: Preemptible hierarchical RCU implementation.
rcu: 	RCU restricting CPUs from NR_CPUS=4 to nr_cpu_ids=2.
	Tasks RCU enabled.
rcu: Adjusting geometry for rcu_fanout_leaf=16, nr_cpu_ids=2
NR_IRQS: 64, nr_irqs: 64, preallocated irqs: 0
GICv2m: range[mem 0x08020000-0x08020fff], SPI[80:143]
arch_timer: cp15 timer(s) running at 62.50MHz (virt).
clocksource: arch_sys_counter: mask: 0xffffffffffffff max_cycles: 0x1cd42e208c, max_idle_ns: 881590405314 ns
sched_clock: 56 bits at 62MHz, resolution 16ns, wraps every 4398046511096ns
Calibrating delay loop (skipped), value calculated using timer frequency.. 125.00 BogoMIPS (lpj=62500)
pid_max: default: 32768 minimum: 301
Mount-cache hash table entries: 2048 (order: 2, 16384 bytes)
Mountpoint-cache hash table entries: 2048 (order: 2, 16384 bytes)
/cpus/cpu-map: empty cluster
calling  cpu_suspend_init+0x0/0x58 @ 1
initcall cpu_suspend_init+0x0/0x58 returned 0 after 0 usecs
calling  asids_init+0x0/0xe0 @ 1
ASID allocator initialised with 32768 entries
initcall asids_init+0x0/0xe0 returned 0 after 976 usecs
calling  spawn_ksoftirqd+0x0/0x48 @ 1
initcall spawn_ksoftirqd+0x0/0x48 returned 0 after 0 usecs
calling  migration_init+0x0/0x4c @ 1
initcall migration_init+0x0/0x4c returned 0 after 0 usecs
calling  check_cpu_stall_init+0x0/0x2c @ 1
initcall check_cpu_stall_init+0x0/0x2c returned 0 after 0 usecs
calling  srcu_bootup_announce+0x0/0x40 @ 1
rcu: Hierarchical SRCU implementation.
initcall srcu_bootup_announce+0x0/0x40 returned 0 after 0 usecs
calling  rcu_spawn_gp_kthread+0x0/0x150 @ 1
initcall rcu_spawn_gp_kthread+0x0/0x150 returned 0 after 0 usecs
calling  cpu_stop_init+0x0/0xb4 @ 1
initcall cpu_stop_init+0x0/0xb4 returned 0 after 976 usecs
calling  init_zero_pfn+0x0/0x28 @ 1
initcall init_zero_pfn+0x0/0x28 returned 0 after 0 usecs
calling  its_pmsi_init+0x0/0x154 @ 1
initcall its_pmsi_init+0x0/0x154 returned 0 after 0 usecs
calling  its_pci_msi_init+0x0/0x154 @ 1
initcall its_pci_msi_init+0x0/0x154 returned 0 after 0 usecs
calling  dummy_timer_register+0x0/0x34 @ 1
initcall dummy_timer_register+0x0/0x34 returned 0 after 0 usecs
calling  bcm_arch_early_init+0x0/0xb4 @ 1
Boot Device: NAND 2K Page
Boot Device: NAND 2K Page
Boot Device: NAND 2K Page
uboot_max_len missing, using defaults 16384
uboot env missing
Failed to retrieve boot CFE version from dtb!
BoardId [], NVRAM_ULBOARDSTUFFOPTION=0 
Boot Device: NAND 2K Page
initcall bcm_arch_early_init+0x0/0xb4 returned 0 after 976 usecs
calling  initialize_ptr_random+0x0/0xb0 @ 1
initcall initialize_ptr_random+0x0/0xb0 returned 0 after 0 usecs
smp: Bringing up secondary CPUs ...
Detected VIPT I-cache on CPU1
CPU1: Booted secondary processor 0x0000000001 [0x410fd034]
smp: Brought up 1 node, 2 CPUs
SMP: Total of 2 processors activated.
CPU features: detected: 32-bit EL0 Support
CPU features: emulated: Privileged Access Never (PAN) using TTBR0_EL1 switching
CPU: All CPU(s) started at EL1
alternatives: patching kernel code
devtmpfs: initialized
calling  ipc_ns_init+0x0/0x3c @ 1
initcall ipc_ns_init+0x0/0x3c returned 0 after 976 usecs
calling  init_mmap_min_addr+0x0/0x18 @ 1
initcall init_mmap_min_addr+0x0/0x18 returned 0 after 0 usecs
calling  pci_realloc_setup_params+0x0/0x3c @ 1
initcall pci_realloc_setup_params+0x0/0x3c returned 0 after 0 usecs
calling  net_ns_init+0x0/0x13c @ 1
initcall net_ns_init+0x0/0x13c returned 0 after 976 usecs
calling  fpsimd_init+0x0/0xd8 @ 1
initcall fpsimd_init+0x0/0xd8 returned 0 after 0 usecs
calling  enable_mrs_emulation+0x0/0x24 @ 1
initcall enable_mrs_emulation+0x0/0x24 returned 0 after 0 usecs
calling  map_entry_trampoline+0x0/0x1e4 @ 1
initcall map_entry_trampoline+0x0/0x1e4 returned 0 after 0 usecs
calling  wq_sysfs_init+0x0/0x40 @ 1
initcall wq_sysfs_init+0x0/0x40 returned 0 after 976 usecs
calling  ksysfs_init+0x0/0xb4 @ 1
initcall ksysfs_init+0x0/0xb4 returned 0 after 0 usecs
calling  rcu_set_runtime_mode+0x0/0x14 @ 1
initcall rcu_set_runtime_mode+0x0/0x14 returned 0 after 0 usecs
calling  rcu_spawn_tasks_kthread+0x0/0x58 @ 1
initcall rcu_spawn_tasks_kthread+0x0/0x58 returned 0 after 0 usecs
calling  dma_init_reserved_memory+0x0/0x64 @ 1
initcall dma_init_reserved_memory+0x0/0x64 returned -12 after 0 usecs
calling  init_jiffies_clocksource+0x0/0x24 @ 1
clocksource: jiffies: mask: 0xffffffff max_cycles: 0xffffffff, max_idle_ns: 1911260446275000 ns
initcall init_jiffies_clocksource+0x0/0x24 returned 0 after 0 usecs
calling  futex_init+0x0/0x128 @ 1
futex hash table entries: 512 (order: 3, 32768 bytes)
initcall futex_init+0x0/0x128 returned 0 after 976 usecs
calling  cgroup_wq_init+0x0/0x40 @ 1
initcall cgroup_wq_init+0x0/0x40 returned 0 after 0 usecs
calling  cgroup1_wq_init+0x0/0x40 @ 1
initcall cgroup1_wq_init+0x0/0x40 returned 0 after 0 usecs
calling  cma_init_reserved_areas+0x0/0x1a4 @ 1
initcall cma_init_reserved_areas+0x0/0x1a4 returned 0 after 0 usecs
calling  fsnotify_init+0x0/0x58 @ 1
initcall fsnotify_init+0x0/0x58 returned 0 after 976 usecs
calling  filelock_init+0x0/0xbc @ 1
initcall filelock_init+0x0/0xbc returned 0 after 0 usecs
calling  init_script_binfmt+0x0/0x24 @ 1
initcall init_script_binfmt+0x0/0x24 returned 0 after 0 usecs
calling  init_elf_binfmt+0x0/0x24 @ 1
initcall init_elf_binfmt+0x0/0x24 returned 0 after 0 usecs
calling  init_compat_elf_binfmt+0x0/0x24 @ 1
initcall init_compat_elf_binfmt+0x0/0x24 returned 0 after 0 usecs
calling  configfs_init+0x0/0xb4 @ 1
initcall configfs_init+0x0/0xb4 returned 0 after 0 usecs
calling  debugfs_init+0x0/0x74 @ 1
initcall debugfs_init+0x0/0x74 returned 0 after 0 usecs
calling  prandom_init_early+0x0/0x120 @ 1
initcall prandom_init_early+0x0/0x120 returned 0 after 976 usecs
calling  pinctrl_init+0x0/0xc0 @ 1
pinctrl core: initialized pinctrl subsystem
initcall pinctrl_init+0x0/0xc0 returned 0 after 976 usecs
calling  gpiolib_dev_init+0x0/0xec @ 1
initcall gpiolib_dev_init+0x0/0xec returned 0 after 0 usecs
calling  regulator_init+0x0/0xb0 @ 1
probe of reg-dummy returned 1 after 2000 usecs
initcall regulator_init+0x0/0xb0 returned 0 after 3906 usecs
calling  component_debug_init+0x0/0x30 @ 1
initcall component_debug_init+0x0/0x30 returned 0 after 0 usecs
calling  free_raw_capacity+0x0/0x30 @ 1
initcall free_raw_capacity+0x0/0x30 returned 0 after 0 usecs
calling  cpuidle_init+0x0/0x58 @ 1
initcall cpuidle_init+0x0/0x58 returned 0 after 0 usecs
calling  sock_init+0x0/0xb0 @ 1
size of sk_buff 576
offset of cb in sk_buff 400
initcall sock_init+0x0/0xb0 returned 0 after 976 usecs
calling  net_inuse_init+0x0/0x30 @ 1
initcall net_inuse_init+0x0/0x30 returned 0 after 0 usecs
calling  net_defaults_init+0x0/0x30 @ 1
initcall net_defaults_init+0x0/0x30 returned 0 after 0 usecs
calling  init_default_flow_dissectors+0x0/0x54 @ 1
initcall init_default_flow_dissectors+0x0/0x54 returned 0 after 0 usecs
calling  netlink_proto_init+0x0/0x168 @ 1
NET: Registered protocol family 16
initcall netlink_proto_init+0x0/0x168 returned 0 after 976 usecs
calling  bcm_otp_drv_reg+0x0/0x50 @ 1
OTP driver initcall
OTP driver scanning DT
initcall bcm_otp_drv_reg+0x0/0x50 returned 0 after 0 usecs
calling  bcm_strap_drv_reg+0x0/0x194 @ 1
Strap driver initcall
Failed to find strap dts node
Strap Register: 0xffffffff
initcall bcm_strap_drv_reg+0x0/0x194 returned 0 after 976 usecs
calling  debug_monitors_init+0x0/0x40 @ 1
initcall debug_monitors_init+0x0/0x40 returned 0 after 976 usecs
calling  irq_sysfs_init+0x0/0xe8 @ 1
initcall irq_sysfs_init+0x0/0xe8 returned 0 after 0 usecs
calling  init_per_zone_wmark_min+0x0/0x80 @ 1
initcall init_per_zone_wmark_min+0x0/0x80 returned 0 after 0 usecs
calling  bdi_class_init+0x0/0x68 @ 1
initcall bdi_class_init+0x0/0x68 returned 0 after 976 usecs
calling  mm_sysfs_init+0x0/0x38 @ 1
initcall mm_sysfs_init+0x0/0x38 returned 0 after 0 usecs
calling  gpiolib_sysfs_init+0x0/0xb0 @ 1
initcall gpiolib_sysfs_init+0x0/0xb0 returned 0 after 0 usecs
calling  pcibus_class_init+0x0/0x24 @ 1
initcall pcibus_class_init+0x0/0x24 returned 0 after 0 usecs
calling  pci_driver_init+0x0/0x34 @ 1
initcall pci_driver_init+0x0/0x34 returned 0 after 0 usecs
calling  amba_init+0x0/0x1c @ 1
initcall amba_init+0x0/0x1c returned 0 after 0 usecs
calling  tty_class_init+0x0/0x50 @ 1
initcall tty_class_init+0x0/0x50 returned 0 after 0 usecs
calling  regmap_initcall+0x0/0x18 @ 1
initcall regmap_initcall+0x0/0x18 returned 0 after 0 usecs
calling  syscon_init+0x0/0x24 @ 1
initcall syscon_init+0x0/0x24 returned 0 after 0 usecs
calling  spi_init+0x0/0x9c @ 1
initcall spi_init+0x0/0x9c returned 0 after 0 usecs
calling  i2c_init+0x0/0xac @ 1
initcall i2c_init+0x0/0xac returned 0 after 0 usecs
calling  init_menu+0x0/0x1c @ 1
cpuidle: using governor menu
initcall init_menu+0x0/0x1c returned 0 after 976 usecs
calling  bcmbca_gpio_drv_reg+0x0/0x20 @ 1
initcall bcmbca_gpio_drv_reg+0x0/0x20 returned 0 after 0 usecs
calling  bcmbca_led_ctrl_drv_reg+0x0/0x20 @ 1
initcall bcmbca_led_ctrl_drv_reg+0x0/0x20 returned 0 after 0 usecs
calling  bcmbca_cled_ctrl_drv_reg+0x0/0x20 @ 1
initcall bcmbca_cled_ctrl_drv_reg+0x0/0x20 returned 0 after 0 usecs
calling  bcmbca_pinctrl_drv_reg+0x0/0x20 @ 1
initcall bcmbca_pinctrl_drv_reg+0x0/0x20 returned 0 after 0 usecs
initcall bcm_pmc_drv_reg blacklisted
initcall bcm_ubus_drv_init blacklisted
calling  kobject_uevent_init+0x0/0x20 @ 1
initcall kobject_uevent_init+0x0/0x20 returned 0 after 0 usecs
calling  debug_traps_init+0x0/0x54 @ 1
initcall debug_traps_init+0x0/0x54 returned 0 after 0 usecs
calling  reserve_memblock_reserved_regions+0x0/0x120 @ 1
initcall reserve_memblock_reserved_regions+0x0/0x120 returned 0 after 976 usecs
calling  alloc_vectors_page+0x0/0xc0 @ 1
initcall alloc_vectors_page+0x0/0xc0 returned 0 after 0 usecs
calling  vdso_init+0x0/0x108 @ 1
initcall vdso_init+0x0/0x108 returned 0 after 0 usecs
calling  arm64_dma_init+0x0/0x90 @ 1
DMA: preallocated 256 KiB pool for atomic allocations
initcall arm64_dma_init+0x0/0x90 returned 0 after 0 usecs
calling  pl011_init+0x0/0x50 @ 1
Serial: AMBA PL011 UART driver
initcall pl011_init+0x0/0x50 returned 0 after 0 usecs
calling  bcm_misc_hw_init+0x0/0x10 @ 1
initcall bcm_misc_hw_init+0x0/0x10 returned 0 after 0 usecs
calling  bcm_rsvmem_init+0x0/0x30 @ 1
initcall bcm_rsvmem_init+0x0/0x30 returned 0 after 0 usecs
calling  bcmbca_extintr_drv_reg+0x0/0x20 @ 1
initcall bcmbca_extintr_drv_reg+0x0/0x20 returned 0 after 0 usecs
initcall pmc_xrdp_init blacklisted
initcall pmc_wan_initcall blacklisted
calling  of_platform_default_populate_init+0x0/0xbc @ 1
9000000.pl011: ttyAMA0 at MMIO 0x9000000 (irq = 39, base_baud = 0) is a PL011 rev1
console [ttyAMA0] enabled
console [ttyAMA0] enabled
bootconsole [pl11] disabled
bootconsole [pl11] disabled
probe of 9000000.pl011 returned 1 after 6000 usecs
initcall of_platform_default_populate_init+0x0/0xbc returned 0 after 12695 usecs
calling  topology_init+0x0/0x80 @ 1
initcall topology_init+0x0/0x80 returned 0 after 976 usecs
calling  uid_cache_init+0x0/0x94 @ 1
initcall uid_cache_init+0x0/0x94 returned 0 after 0 usecs
calling  param_sysfs_init+0x0/0x240 @ 1
initcall param_sysfs_init+0x0/0x240 returned 0 after 3906 usecs
calling  user_namespace_sysctl_init+0x0/0x4c @ 1
initcall user_namespace_sysctl_init+0x0/0x4c returned 0 after 0 usecs
calling  pm_sysrq_init+0x0/0x24 @ 1
initcall pm_sysrq_init+0x0/0x24 returned 0 after 0 usecs
calling  crash_save_vmcoreinfo_init+0x0/0x570 @ 1
initcall crash_save_vmcoreinfo_init+0x0/0x570 returned 0 after 976 usecs
calling  cgroup_sysfs_init+0x0/0x28 @ 1
initcall cgroup_sysfs_init+0x0/0x28 returned 0 after 0 usecs
calling  cgroup_namespaces_init+0x0/0x8 @ 1
initcall cgroup_namespaces_init+0x0/0x8 returned 0 after 0 usecs
calling  oom_init+0x0/0x3c @ 1
initcall oom_init+0x0/0x3c returned 0 after 976 usecs
calling  default_bdi_init+0x0/0xa4 @ 1
initcall default_bdi_init+0x0/0xa4 returned 0 after 976 usecs
calling  percpu_enable_async+0x0/0x14 @ 1
initcall percpu_enable_async+0x0/0x14 returned 0 after 0 usecs
calling  kcompactd_init+0x0/0x64 @ 1
initcall kcompactd_init+0x0/0x64 returned 0 after 0 usecs
calling  init_user_reserve+0x0/0x30 @ 1
initcall init_user_reserve+0x0/0x30 returned 0 after 0 usecs
calling  init_admin_reserve+0x0/0x30 @ 1
initcall init_admin_reserve+0x0/0x30 returned 0 after 0 usecs
calling  init_reserve_notifier+0x0/0x8 @ 1
initcall init_reserve_notifier+0x0/0x8 returned 0 after 0 usecs
calling  swap_init_sysfs+0x0/0x74 @ 1
initcall swap_init_sysfs+0x0/0x74 returned 0 after 0 usecs
calling  swapfile_init+0x0/0x54 @ 1
initcall swapfile_init+0x0/0x54 returned 0 after 0 usecs
calling  hugetlb_init+0x0/0x4a8 @ 1
HugeTLB registered 2.00 MiB page size, pre-allocated 0 pages
initcall hugetlb_init+0x0/0x4a8 returned 0 after 0 usecs
calling  ksm_init+0x0/0x190 @ 1
initcall ksm_init+0x0/0x190 returned 0 after 0 usecs
calling  hugepage_init+0x0/0x158 @ 1
initcall hugepage_init+0x0/0x158 returned 0 after 976 usecs
calling  mem_cgroup_init+0x0/0xe8 @ 1
initcall mem_cgroup_init+0x0/0xe8 returned 0 after 0 usecs
calling  mem_cgroup_swap_init+0x0/0x98 @ 1
initcall mem_cgroup_swap_init+0x0/0x98 returned 0 after 0 usecs
calling  crypto_wq_init+0x0/0x40 @ 1
initcall crypto_wq_init+0x0/0x40 returned 0 after 0 usecs
calling  cryptomgr_init+0x0/0x1c @ 1
initcall cryptomgr_init+0x0/0x1c returned 0 after 0 usecs
calling  cryptd_init+0x0/0xf8 @ 1
cryptd: max_cpu_qlen set to 1000
initcall cryptd_init+0x0/0xf8 returned 0 after 0 usecs
calling  zstd_mod_init+0x0/0x4c @ 1
initcall zstd_mod_init+0x0/0x4c returned 0 after 976 usecs
calling  init_bio+0x0/0xc8 @ 1
initcall init_bio+0x0/0xc8 returned 0 after 0 usecs
calling  blk_settings_init+0x0/0x30 @ 1
initcall blk_settings_init+0x0/0x30 returned 0 after 0 usecs
calling  blk_ioc_init+0x0/0x3c @ 1
initcall blk_ioc_init+0x0/0x3c returned 0 after 0 usecs
calling  blk_softirq_init+0x0/0xa4 @ 1
initcall blk_softirq_init+0x0/0xa4 returned 0 after 0 usecs
calling  blk_mq_init+0x0/0x38 @ 1
initcall blk_mq_init+0x0/0x38 returned 0 after 0 usecs
calling  genhd_device_init+0x0/0x9c @ 1
initcall genhd_device_init+0x0/0x9c returned 0 after 976 usecs
calling  gpiolib_debugfs_init+0x0/0x38 @ 1
initcall gpiolib_debugfs_init+0x0/0x38 returned 0 after 0 usecs
calling  pci_slot_init+0x0/0x60 @ 1
initcall pci_slot_init+0x0/0x60 returned 0 after 0 usecs
calling  regulator_fixed_voltage_init+0x0/0x20 @ 1
initcall regulator_fixed_voltage_init+0x0/0x20 returned 0 after 0 usecs
calling  misc_init+0x0/0xe8 @ 1
initcall misc_init+0x0/0xe8 returned 0 after 0 usecs
calling  register_cpu_capacity_sysctl+0x0/0xa0 @ 1
initcall register_cpu_capacity_sysctl+0x0/0xa0 returned 0 after 0 usecs
calling  phy_init+0x0/0x6c @ 1
initcall phy_init+0x0/0x6c returned 0 after 0 usecs
calling  serio_init+0x0/0x44 @ 1
initcall serio_init+0x0/0x44 returned 0 after 0 usecs
calling  input_init+0x0/0x120 @ 1
initcall input_init+0x0/0x120 returned 0 after 0 usecs
calling  power_supply_class_init+0x0/0x5c @ 1
initcall power_supply_class_init+0x0/0x5c returned 0 after 0 usecs
calling  mmc_init+0x0/0x48 @ 1
initcall mmc_init+0x0/0x48 returned 0 after 976 usecs
calling  leds_init+0x0/0x60 @ 1
initcall leds_init+0x0/0x60 returned 0 after 0 usecs
calling  iio_init+0x0/0xa4 @ 1
initcall iio_init+0x0/0xa4 returned 0 after 0 usecs
calling  proto_init+0x0/0x1c @ 1
initcall proto_init+0x0/0x1c returned 0 after 0 usecs
calling  net_dev_init+0x0/0x204 @ 1
initcall net_dev_init+0x0/0x204 returned 0 after 3906 usecs
calling  neigh_init+0x0/0xa0 @ 1
initcall neigh_init+0x0/0xa0 returned 0 after 0 usecs
calling  fib_notifier_init+0x0/0x1c @ 1
initcall fib_notifier_init+0x0/0x1c returned 0 after 0 usecs
calling  fib_rules_init+0x0/0xd0 @ 1
initcall fib_rules_init+0x0/0xd0 returned 0 after 0 usecs
calling  pktsched_init+0x0/0x134 @ 1
initcall pktsched_init+0x0/0x134 returned 0 after 0 usecs
calling  tc_filter_init+0x0/0x120 @ 1
initcall tc_filter_init+0x0/0x120 returned 0 after 0 usecs
calling  tc_action_init+0x0/0x84 @ 1
initcall tc_action_init+0x0/0x84 returned 0 after 0 usecs
calling  genl_init+0x0/0x4c @ 1
initcall genl_init+0x0/0x4c returned 0 after 0 usecs
calling  bcm_timers_init+0x0/0x20 @ 1
initcall bcm_timers_init+0x0/0x20 returned 0 after 0 usecs
calling  bcmbca_leds_drv_reg+0x0/0x20 @ 1
initcall bcmbca_leds_drv_reg+0x0/0x20 returned 0 after 0 usecs
calling  button_init+0x0/0x20 @ 1
initcall button_init+0x0/0x20 returned 0 after 0 usecs
calling  kerSysInitDyingGaspHandler+0x0/0x80 @ 1
initcall kerSysInitDyingGaspHandler+0x0/0x80 returned 0 after 976 usecs
calling  remap_ubus_masters_biu+0x0/0xc0 @ 1
initcall remap_ubus_masters_biu+0x0/0xc0 returned 0 after 0 usecs
calling  __init_gbpm+0x0/0x24 @ 1
Broadcom GBPMv0.1 initialized
initcall __init_gbpm+0x0/0x24 returned 0 after 0 usecs
calling  __init_iqos+0x0/0x20 @ 1
Broadcom IQoS v1.0 initialized
initcall __init_iqos+0x0/0x20 returned 0 after 0 usecs
calling  bcmLog_init+0x0/0x90 @ 1
Broadcom Logger v0.1
initcall bcmLog_init+0x0/0x90 returned 0 after 976 usecs
calling  bcmnet_ioctl_init+0x0/0x268 @ 1
Char device /dev/bcmnet(252) registered
Assigning idx[1] for lo
initcall bcmnet_ioctl_init+0x0/0x268 returned 0 after 976 usecs
calling  bcm_sysfs_init+0x0/0x20 @ 1
initcall bcm_sysfs_init+0x0/0x20 returned 0 after 0 usecs
calling  bcm_skb_free_init+0x0/0x28 @ 1
skb_free_task created successfully with start budget 32, period 10ms
initcall bcm_skb_free_init+0x0/0x28 returned 0 after 976 usecs
calling  bcm_sw_gso_init+0x0/0x8 @ 1
initcall bcm_sw_gso_init+0x0/0x8 returned 0 after 0 usecs
calling  __init_blog+0x0/0x164 @ 1
[0;34mBLOG v3.0 Initialized[0m
initcall __init_blog+0x0/0x164 returned 0 after 976 usecs
calling  __init_blog_rule+0x0/0x64 @ 1
BLOG Rule v1.0 Initialized
initcall __init_blog_rule+0x0/0x64 returned 0 after 0 usecs
calling  bcm_tcp_init+0x0/0x3c @ 1
bcm_tcp_task created successfully with budget 256 ,cpumask:0x0
initcall bcm_tcp_init+0x0/0x3c returned 0 after 0 usecs
calling  watchdog_init+0x0/0xac @ 1
initcall watchdog_init+0x0/0xac returned 0 after 976 usecs
calling  bcmbca_legacy_leds_drv_reg+0x0/0x24 @ 1
initcall bcmbca_legacy_leds_drv_reg+0x0/0x24 returned 0 after 0 usecs
initcall bcmbca_vreg_sync_drv_reg blacklisted
calling  create_debug_debugfs_entry+0x0/0x30 @ 1
initcall create_debug_debugfs_entry+0x0/0x30 returned 0 after 0 usecs
calling  clocksource_done_booting+0x0/0x5c @ 1
clocksource: Switched to clocksource arch_sys_counter
initcall clocksource_done_booting+0x0/0x5c returned 0 after 191 usecs
calling  init_pipe_fs+0x0/0x5c @ 1
initcall init_pipe_fs+0x0/0x5c returned 0 after 74 usecs
calling  inotify_user_setup+0x0/0x5c @ 1
initcall inotify_user_setup+0x0/0x5c returned 0 after 19 usecs
calling  eventpoll_init+0x0/0xd8 @ 1
initcall eventpoll_init+0x0/0xd8 returned 0 after 104 usecs
calling  anon_inode_init+0x0/0x6c @ 1
initcall anon_inode_init+0x0/0x6c returned 0 after 266 usecs
calling  proc_locks_init+0x0/0x38 @ 1
initcall proc_locks_init+0x0/0x38 returned 0 after 12 usecs
calling  proc_cmdline_init+0x0/0x34 @ 1
initcall proc_cmdline_init+0x0/0x34 returned 0 after 8 usecs
calling  proc_consoles_init+0x0/0x38 @ 1
initcall proc_consoles_init+0x0/0x38 returned 0 after 10 usecs
calling  proc_cpuinfo_init+0x0/0x30 @ 1
initcall proc_cpuinfo_init+0x0/0x30 returned 0 after 7 usecs
calling  proc_devices_init+0x0/0x38 @ 1
initcall proc_devices_init+0x0/0x38 returned 0 after 8 usecs
calling  proc_interrupts_init+0x0/0x38 @ 1
initcall proc_interrupts_init+0x0/0x38 returned 0 after 7 usecs
calling  proc_loadavg_init+0x0/0x34 @ 1
initcall proc_loadavg_init+0x0/0x34 returned 0 after 7 usecs
calling  proc_meminfo_init+0x0/0x34 @ 1
initcall proc_meminfo_init+0x0/0x34 returned 0 after 7 usecs
calling  proc_stat_init+0x0/0x30 @ 1
initcall proc_stat_init+0x0/0x30 returned 0 after 7 usecs
calling  proc_uptime_init+0x0/0x34 @ 1
initcall proc_uptime_init+0x0/0x34 returned 0 after 8 usecs
calling  proc_version_init+0x0/0x34 @ 1
initcall proc_version_init+0x0/0x34 returned 0 after 8 usecs
calling  proc_softirqs_init+0x0/0x34 @ 1
initcall proc_softirqs_init+0x0/0x34 returned 0 after 7 usecs
calling  proc_kcore_init+0x0/0xac @ 1
initcall proc_kcore_init+0x0/0xac returned 0 after 388 usecs
calling  proc_kmsg_init+0x0/0x30 @ 1
initcall proc_kmsg_init+0x0/0x30 returned 0 after 9 usecs
calling  proc_page_init+0x0/0x6c @ 1
initcall proc_page_init+0x0/0x6c returned 0 after 24 usecs
calling  init_ramfs_fs+0x0/0x3c @ 1
initcall init_ramfs_fs+0x0/0x3c returned 0 after 17 usecs
calling  init_hugetlbfs_fs+0x0/0x190 @ 1
initcall init_hugetlbfs_fs+0x0/0x190 returned 0 after 479 usecs
calling  blk_scsi_ioctl_init+0x0/0xa0 @ 1
initcall blk_scsi_ioctl_init+0x0/0xa0 returned 0 after 16 usecs
calling  chr_dev_init+0x0/0xc0 @ 1
initcall chr_dev_init+0x0/0xc0 returned 0 after 4690 usecs
calling  thermal_init+0x0/0xc4 @ 1
initcall thermal_init+0x0/0xc4 returned 0 after 1020 usecs
calling  sysctl_core_init+0x0/0x40 @ 1
initcall sysctl_core_init+0x0/0x40 returned 0 after 79 usecs
calling  eth_offload_init+0x0/0x20 @ 1
initcall eth_offload_init+0x0/0x20 returned 0 after 32 usecs
calling  ipv4_offload_init+0x0/0x80 @ 1
initcall ipv4_offload_init+0x0/0x80 returned 0 after 109 usecs
calling  inet_init+0x0/0x254 @ 1
NET: Registered protocol family 2
IP idents hash table entries: 16384 (order: 5, 131072 bytes)
tcp_listen_portaddr_hash hash table entries: 512 (order: 1, 8192 bytes)
TCP established hash table entries: 8192 (order: 4, 65536 bytes)
TCP bind hash table entries: 8192 (order: 5, 131072 bytes)
TCP: Hash tables configured (established 8192 bind 8192)
UDP hash table entries: 512 (order: 2, 16384 bytes)
UDP-Lite hash table entries: 512 (order: 2, 16384 bytes)
initcall inet_init+0x0/0x254 returned 0 after 11193 usecs
calling  af_unix_init+0x0/0x64 @ 1
NET: Registered protocol family 1
initcall af_unix_init+0x0/0x64 returned 0 after 143 usecs
calling  ipv6_offload_init+0x0/0x84 @ 1
initcall ipv6_offload_init+0x0/0x84 returned 0 after 68 usecs
calling  bcm_tcp_accel_init+0x0/0x28 @ 1
Assigning idx[2] for blogtcp_local
blogtcp_local netdev registered successfully 
initcall bcm_tcp_accel_init+0x0/0x28 returned 0 after 952 usecs
calling  pci_apply_final_quirks+0x0/0x144 @ 1
PCI: CLS 0 bytes, default 64
initcall pci_apply_final_quirks+0x0/0x144 returned 0 after 168 usecs
calling  populate_rootfs+0x0/0x140 @ 1
Trying to unpack rootfs image as initramfs...
Freeing initrd memory: 85384K
initcall populate_rootfs+0x0/0x140 returned 0 after 525483 usecs
calling  register_kernel_offset_dumper+0x0/0x28 @ 1
initcall register_kernel_offset_dumper+0x0/0x28 returned 0 after 10 usecs
calling  cpuinfo_regs_init+0x0/0xc4 @ 1
initcall cpuinfo_regs_init+0x0/0xc4 returned 0 after 557 usecs
calling  register_cpu_hwcaps_dumper+0x0/0x2c @ 1
initcall register_cpu_hwcaps_dumper+0x0/0x2c returned 0 after 8 usecs
calling  register_mem_limit_dumper+0x0/0x2c @ 1
initcall register_mem_limit_dumper+0x0/0x2c returned 0 after 8 usecs
calling  ptdump_init+0x0/0x70 @ 1
initcall ptdump_init+0x0/0x70 returned 0 after 61 usecs
calling  cpu_feature_match_SHA1_init+0x0/0x30 @ 1
initcall cpu_feature_match_SHA1_init+0x0/0x30 returned 0 after 620 usecs
calling  cpu_feature_match_SHA2_init+0x0/0x34 @ 1
initcall cpu_feature_match_SHA2_init+0x0/0x34 returned 0 after 1152 usecs
calling  cpu_feature_match_SHA512_init+0x0/0x34 @ 1
initcall cpu_feature_match_SHA512_init+0x0/0x34 returned -19 after 7 usecs
calling  cpu_feature_match_AES_init+0x0/0x30 @ 1
initcall cpu_feature_match_AES_init+0x0/0x30 returned 0 after 93 usecs
calling  aes_mod_init+0x0/0x30 @ 1
initcall aes_mod_init+0x0/0x30 returned 0 after 277 usecs
calling  cpu_feature_match_AES_init+0x0/0xc4 @ 1
initcall cpu_feature_match_AES_init+0x0/0xc4 returned 0 after 2019 usecs
calling  aes_init+0x0/0xb4 @ 1
initcall aes_init+0x0/0xb4 returned 0 after 1447 usecs
calling  sha256_mod_init+0x0/0x70 @ 1
initcall sha256_mod_init+0x0/0x70 returned 0 after 441 usecs
calling  sha512_mod_init+0x0/0x20 @ 1
initcall sha512_mod_init+0x0/0x20 returned 0 after 319 usecs
calling  aes_init+0x0/0x1c @ 1
initcall aes_init+0x0/0x1c returned 0 after 64 usecs
calling  proc_execdomains_init+0x0/0x34 @ 1
initcall proc_execdomains_init+0x0/0x34 returned 0 after 29 usecs
calling  register_warn_debugfs+0x0/0x34 @ 1
initcall register_warn_debugfs+0x0/0x34 returned 0 after 49 usecs
calling  cpuhp_sysfs_init+0x0/0xa8 @ 1
initcall cpuhp_sysfs_init+0x0/0xa8 returned 0 after 88 usecs
calling  ioresources_init+0x0/0x6c @ 1
initcall ioresources_init+0x0/0x6c returned 0 after 20 usecs
calling  psi_proc_init+0x0/0x7c @ 1
initcall psi_proc_init+0x0/0x7c returned 0 after 34 usecs
calling  timekeeping_init_ops+0x0/0x24 @ 1
initcall timekeeping_init_ops+0x0/0x24 returned 0 after 27 usecs
calling  init_clocksource_sysfs+0x0/0x38 @ 1
initcall init_clocksource_sysfs+0x0/0x38 returned 0 after 140 usecs
calling  init_timer_list_procfs+0x0/0x40 @ 1
initcall init_timer_list_procfs+0x0/0x40 returned 0 after 13 usecs
calling  alarmtimer_init+0x0/0xec @ 1
probe of alarmtimer returned 1 after 91 usecs
initcall alarmtimer_init+0x0/0xec returned 0 after 446 usecs
calling  init_posix_timers+0x0/0x3c @ 1
initcall init_posix_timers+0x0/0x3c returned 0 after 55 usecs
calling  clockevents_init_sysfs+0x0/0xe0 @ 1
initcall clockevents_init_sysfs+0x0/0xe0 returned 0 after 135 usecs
calling  sched_clock_syscore_init+0x0/0x24 @ 1
initcall sched_clock_syscore_init+0x0/0x24 returned 0 after 7 usecs
calling  proc_modules_init+0x0/0x34 @ 1
initcall proc_modules_init+0x0/0x34 returned 0 after 11 usecs
calling  kallsyms_init+0x0/0x30 @ 1
initcall kallsyms_init+0x0/0x30 returned 0 after 8 usecs
calling  pid_namespaces_init+0x0/0x3c @ 1
initcall pid_namespaces_init+0x0/0x3c returned 0 after 16 usecs
calling  ikconfig_init+0x0/0x44 @ 1
initcall ikconfig_init+0x0/0x44 returned 0 after 28 usecs
calling  seccomp_sysctl_init+0x0/0x34 @ 1
initcall seccomp_sysctl_init+0x0/0x34 returned 0 after 62 usecs
calling  utsname_sysctl_init+0x0/0x20 @ 1
initcall utsname_sysctl_init+0x0/0x20 returned 0 after 18 usecs
calling  system_trusted_keyring_init+0x0/0x68 @ 1
Initialise system trusted keyrings
initcall system_trusted_keyring_init+0x0/0x68 returned 0 after 425 usecs
calling  kswapd_init+0x0/0x58 @ 1
initcall kswapd_init+0x0/0x58 returned 0 after 392 usecs
calling  extfrag_debug_init+0x0/0x94 @ 1
initcall extfrag_debug_init+0x0/0x94 returned 0 after 66 usecs
calling  mm_compute_batch_init+0x0/0x64 @ 1
initcall mm_compute_batch_init+0x0/0x64 returned 0 after 19 usecs
calling  slab_proc_init+0x0/0x30 @ 1
initcall slab_proc_init+0x0/0x30 returned 0 after 34 usecs
calling  workingset_init+0x0/0xb4 @ 1
workingset: timestamp_bits=46 max_order=18 bucket_order=0
initcall workingset_init+0x0/0xb4 returned 0 after 178 usecs
calling  proc_vmalloc_init+0x0/0x38 @ 1
initcall proc_vmalloc_init+0x0/0x38 returned 0 after 12 usecs
calling  memblock_init_debugfs+0x0/0x8c @ 1
initcall memblock_init_debugfs+0x0/0x8c returned 0 after 95 usecs
calling  procswaps_init+0x0/0x34 @ 1
initcall procswaps_init+0x0/0x34 returned 0 after 10 usecs
calling  init_frontswap+0x0/0xa4 @ 1
initcall init_frontswap+0x0/0xa4 returned 0 after 67 usecs
calling  slab_sysfs_init+0x0/0x124 @ 1
initcall slab_sysfs_init+0x0/0x124 returned 0 after 3925 usecs
calling  fcntl_init+0x0/0x3c @ 1
initcall fcntl_init+0x0/0x3c returned 0 after 77 usecs
calling  proc_filesystems_init+0x0/0x34 @ 1
initcall proc_filesystems_init+0x0/0x34 returned 0 after 11 usecs
calling  start_dirtytime_writeback+0x0/0x3c @ 1
initcall start_dirtytime_writeback+0x0/0x3c returned 0 after 37 usecs
calling  blkdev_init+0x0/0x28 @ 1
initcall blkdev_init+0x0/0x28 returned 0 after 103 usecs
calling  dio_init+0x0/0x3c @ 1
initcall dio_init+0x0/0x3c returned 0 after 57 usecs
calling  dnotify_init+0x0/0x8c @ 1
initcall dnotify_init+0x0/0x8c returned 0 after 182 usecs
calling  init_sys32_ioctl+0x0/0x34 @ 1
initcall init_sys32_ioctl+0x0/0x34 returned 0 after 351 usecs
calling  mbcache_init+0x0/0x40 @ 1
initcall mbcache_init+0x0/0x40 returned 0 after 61 usecs
calling  init_devpts_fs+0x0/0x3c @ 1
initcall init_devpts_fs+0x0/0x3c returned 0 after 57 usecs
calling  ext4_init_fs+0x0/0x184 @ 1
initcall ext4_init_fs+0x0/0x184 returned 0 after 526 usecs
calling  journal_init+0x0/0x12c @ 1
initcall journal_init+0x0/0x12c returned 0 after 518 usecs
calling  init_squashfs_fs+0x0/0x84 @ 1
squashfs: version 4.0 (2009/01/31) Phillip Lougher
initcall init_squashfs_fs+0x0/0x84 returned 0 after 147 usecs
calling  init_jffs2_fs+0x0/0xd4 @ 1
jffs2: version 2.2. (NAND) © 2001-2006 Red Hat, Inc.
initcall init_jffs2_fs+0x0/0xd4 returned 0 after 931 usecs
calling  init_autofs_fs+0x0/0x38 @ 1
initcall init_autofs_fs+0x0/0x38 returned 0 after 549 usecs
calling  fuse_init+0x0/0x148 @ 1
fuse init (API version 7.27)
initcall fuse_init+0x0/0x148 returned 0 after 1028 usecs
calling  ipc_init+0x0/0x30 @ 1
initcall ipc_init+0x0/0x30 returned 0 after 147 usecs
calling  ipc_sysctl_init+0x0/0x20 @ 1
initcall ipc_sysctl_init+0x0/0x20 returned 0 after 22 usecs
calling  init_mqueue_fs+0x0/0xbc @ 1
initcall init_mqueue_fs+0x0/0xbc returned 0 after 362 usecs
calling  key_proc_init+0x0/0x84 @ 1
initcall key_proc_init+0x0/0x84 returned 0 after 55 usecs
calling  crypto_algapi_init+0x0/0x18 @ 1
initcall crypto_algapi_init+0x0/0x18 returned 0 after 14 usecs
calling  seqiv_module_init+0x0/0x1c @ 1
initcall seqiv_module_init+0x0/0x1c returned 0 after 21 usecs
calling  echainiv_module_init+0x0/0x1c @ 1
initcall echainiv_module_init+0x0/0x1c returned 0 after 12 usecs
calling  rsa_init+0x0/0x60 @ 1
initcall rsa_init+0x0/0x60 returned 0 after 2321 usecs
calling  crypto_cmac_module_init+0x0/0x1c @ 1
initcall crypto_cmac_module_init+0x0/0x1c returned 0 after 34 usecs
calling  hmac_module_init+0x0/0x1c @ 1
initcall hmac_module_init+0x0/0x1c returned 0 after 8 usecs
calling  crypto_null_mod_init+0x0/0x68 @ 1
initcall crypto_null_mod_init+0x0/0x68 returned 0 after 3668 usecs
calling  md4_mod_init+0x0/0x1c @ 1
initcall md4_mod_init+0x0/0x1c returned 0 after 696 usecs
calling  md5_mod_init+0x0/0x1c @ 1
initcall md5_mod_init+0x0/0x1c returned 0 after 256 usecs
calling  sha1_generic_mod_init+0x0/0x1c @ 1
initcall sha1_generic_mod_init+0x0/0x1c returned 0 after 181 usecs
calling  sha256_generic_mod_init+0x0/0x20 @ 1
initcall sha256_generic_mod_init+0x0/0x20 returned 0 after 321 usecs
calling  sha512_generic_mod_init+0x0/0x20 @ 1
initcall sha512_generic_mod_init+0x0/0x20 returned 0 after 449 usecs
calling  crypto_ecb_module_init+0x0/0x1c @ 1
initcall crypto_ecb_module_init+0x0/0x1c returned 0 after 9 usecs
calling  crypto_cbc_module_init+0x0/0x1c @ 1
initcall crypto_cbc_module_init+0x0/0x1c returned 0 after 6 usecs
calling  crypto_module_init+0x0/0x1c @ 1
initcall crypto_module_init+0x0/0x1c returned 0 after 8 usecs
calling  crypto_ctr_module_init+0x0/0x58 @ 1
initcall crypto_ctr_module_init+0x0/0x58 returned 0 after 20 usecs
calling  crypto_gcm_module_init+0x0/0xcc @ 1
initcall crypto_gcm_module_init+0x0/0xcc returned 0 after 51 usecs
calling  crypto_ccm_module_init+0x0/0x88 @ 1
initcall crypto_ccm_module_init+0x0/0x88 returned 0 after 29 usecs
calling  des_generic_mod_init+0x0/0x20 @ 1
initcall des_generic_mod_init+0x0/0x20 returned 0 after 311 usecs
calling  aes_init+0x0/0x1c @ 1
initcall aes_init+0x0/0x1c returned 0 after 160 usecs
calling  arc4_init+0x0/0x20 @ 1
initcall arc4_init+0x0/0x20 returned 0 after 5577 usecs
calling  deflate_mod_init+0x0/0x50 @ 1
initcall deflate_mod_init+0x0/0x50 returned 0 after 1212 usecs
calling  crc32c_mod_init+0x0/0x1c @ 1
initcall crc32c_mod_init+0x0/0x1c returned 0 after 629 usecs
calling  crypto_authenc_module_init+0x0/0x1c @ 1
initcall crypto_authenc_module_init+0x0/0x1c returned 0 after 8 usecs
calling  crypto_authenc_esn_module_init+0x0/0x1c @ 1
initcall crypto_authenc_esn_module_init+0x0/0x1c returned 0 after 6 usecs
calling  lzo_mod_init+0x0/0x4c @ 1
initcall lzo_mod_init+0x0/0x4c returned 0 after 330 usecs
calling  drbg_init+0x0/0x1d4 @ 1
initcall drbg_init+0x0/0x1d4 returned 0 after 1162 usecs
calling  jent_mod_init+0x0/0x3c @ 1
initcall jent_mod_init+0x0/0x3c returned 0 after 1021 usecs
calling  ghash_mod_init+0x0/0x1c @ 1
initcall ghash_mod_init+0x0/0x1c returned 0 after 68 usecs
calling  asymmetric_key_init+0x0/0x20 @ 1
Key type asymmetric registered
initcall asymmetric_key_init+0x0/0x20 returned 0 after 118 usecs
calling  x509_key_init+0x0/0x1c @ 1
Asymmetric key parser 'x509' registered
initcall x509_key_init+0x0/0x1c returned 0 after 101 usecs
calling  proc_genhd_init+0x0/0x64 @ 1
initcall proc_genhd_init+0x0/0x64 returned 0 after 32 usecs
calling  noop_init+0x0/0x1c @ 1
io scheduler noop registered (default)
initcall noop_init+0x0/0x1c returned 0 after 166 usecs
calling  deadline_init+0x0/0x1c @ 1
io scheduler mq-deadline registered
initcall deadline_init+0x0/0x1c returned 0 after 87 usecs
calling  kyber_init+0x0/0x1c @ 1
io scheduler kyber registered
initcall kyber_init+0x0/0x1c returned 0 after 58 usecs
calling  libcrc32c_mod_init+0x0/0x34 @ 1
initcall libcrc32c_mod_init+0x0/0x34 returned 0 after 67 usecs
calling  init_kmp+0x0/0x1c @ 1
initcall init_kmp+0x0/0x1c returned 0 after 59 usecs
calling  init_bm+0x0/0x1c @ 1
initcall init_bm+0x0/0x1c returned 0 after 21 usecs
calling  init_fsm+0x0/0x1c @ 1
initcall init_fsm+0x0/0x1c returned 0 after 6 usecs
calling  percpu_counter_startup+0x0/0x84 @ 1
initcall percpu_counter_startup+0x0/0x84 returned 0 after 122 usecs
calling  sg_pool_init+0x0/0xec @ 1
initcall sg_pool_init+0x0/0xec returned 0 after 513 usecs
calling  mod_init+0x0/0x8 @ 1
initcall mod_init+0x0/0x8 returned 0 after 2 usecs
calling  bgpio_driver_init+0x0/0x20 @ 1
initcall bgpio_driver_init+0x0/0x20 returned 0 after 197 usecs
calling  pci_proc_init+0x0/0x8c @ 1
initcall pci_proc_init+0x0/0x8c returned 0 after 38 usecs
calling  pcie_portdrv_init+0x0/0x3c @ 1
initcall pcie_portdrv_init+0x0/0x3c returned 0 after 62 usecs
calling  of_fixed_factor_clk_driver_init+0x0/0x20 @ 1
initcall of_fixed_factor_clk_driver_init+0x0/0x20 returned 0 after 58 usecs
calling  of_fixed_clk_driver_init+0x0/0x20 @ 1
initcall of_fixed_clk_driver_init+0x0/0x20 returned 0 after 52 usecs
calling  gpio_clk_driver_init+0x0/0x20 @ 1
initcall gpio_clk_driver_init+0x0/0x20 returned 0 after 64 usecs
calling  n_null_init+0x0/0x28 @ 1
initcall n_null_init+0x0/0x28 returned 0 after 16 usecs
calling  pty_init+0x0/0x36c @ 1
initcall pty_init+0x0/0x36c returned 0 after 10301 usecs
calling  sysrq_init+0x0/0x90 @ 1
initcall sysrq_init+0x0/0x90 returned 0 after 152 usecs
calling  hwrng_modinit+0x0/0x9c @ 1
initcall hwrng_modinit+0x0/0x9c returned 0 after 683 usecs
calling  iproc_rng200_driver_init+0x0/0x20 @ 1
initcall iproc_rng200_driver_init+0x0/0x20 returned 0 after 124 usecs
calling  cavium_rng_pf_driver_init+0x0/0x28 @ 1
initcall cavium_rng_pf_driver_init+0x0/0x28 returned 0 after 52 usecs
calling  cavium_rng_vf_driver_init+0x0/0x28 @ 1
initcall cavium_rng_vf_driver_init+0x0/0x28 returned 0 after 26 usecs
calling  bcmbca_trng_driver_init+0x0/0x24 @ 1
initcall bcmbca_trng_driver_init+0x0/0x24 returned 0 after 138 usecs
calling  topology_sysfs_init+0x0/0x40 @ 1
initcall topology_sysfs_init+0x0/0x40 returned 0 after 112 usecs
calling  cacheinfo_sysfs_init+0x0/0x38 @ 1
cacheinfo: Unable to detect cache hierarchy for CPU 0
initcall cacheinfo_sysfs_init+0x0/0x38 returned -2 after 787 usecs
calling  brd_init+0x0/0x200 @ 1
brd: module loaded
initcall brd_init+0x0/0x200 returned 0 after 9100 usecs
calling  loop_init+0x0/0x180 @ 1
loop: module loaded
initcall loop_init+0x0/0x180 returned 0 after 5791 usecs
calling  init_mtd+0x0/0x12c @ 1
initcall init_mtd+0x0/0x12c returned 0 after 214 usecs
calling  ofpart_parser_init+0x0/0x3c @ 1
initcall ofpart_parser_init+0x0/0x3c returned 0 after 53 usecs
calling  cmdline_parser_init+0x0/0x38 @ 1
initcall cmdline_parser_init+0x0/0x38 returned 0 after 37 usecs
calling  map_rom_init+0x0/0x20 @ 1
initcall map_rom_init+0x0/0x20 returned 0 after 45 usecs
calling  m25p80_driver_init+0x0/0x20 @ 1
initcall m25p80_driver_init+0x0/0x20 returned 0 after 101 usecs
calling  iproc_nand_driver_init+0x0/0x20 @ 1
initcall iproc_nand_driver_init+0x0/0x20 returned 0 after 87 usecs
calling  bcm63138_nand_driver_init+0x0/0x20 @ 1
initcall bcm63138_nand_driver_init+0x0/0x20 returned 0 after 53 usecs
calling  bcm6368_nand_driver_init+0x0/0x20 @ 1
initcall bcm6368_nand_driver_init+0x0/0x20 returned 0 after 57 usecs
calling  brcmstb_nand_driver_init+0x0/0x20 @ 1
initcall brcmstb_nand_driver_init+0x0/0x20 returned 0 after 106 usecs
calling  bcm63xx_nand_driver_init+0x0/0x20 @ 1
initcall bcm63xx_nand_driver_init+0x0/0x20 returned 0 after 56 usecs
calling  spinand_drv_init+0x0/0x20 @ 1
initcall spinand_drv_init+0x0/0x20 returned 0 after 17 usecs
calling  ubi_gluebi_init+0x0/0x24 @ 1
initcall ubi_gluebi_init+0x0/0x24 returned 0 after 63 usecs
calling  spidev_init+0x0/0xcc @ 1
initcall spidev_init+0x0/0xcc returned 0 after 65 usecs
calling  bcmbca_hsspi_driver_init+0x0/0x20 @ 1
initcall bcmbca_hsspi_driver_init+0x0/0x20 returned 0 after 56 usecs
calling  dummy_init_module+0x0/0xf8 @ 1
Assigning idx[3] for dummy0
initcall dummy_init_module+0x0/0xf8 returned 0 after 975 usecs
calling  ifb_init_module+0x0/0xf4 @ 1
Assigning idx[4] for ifb0
Assigning idx[5] for ifb1
initcall ifb_init_module+0x0/0xf4 returned 0 after 949 usecs
calling  imq_init_module+0x0/0x200 @ 1
Assigning idx[6] for imq0
Assigning idx[7] for imq1
Assigning idx[8] for imq2
IMQ driver loaded successfully. (numdevs = 3, numqueues = 1, imq_dev_accurate_stats = 1)
	Hooking IMQ after NAT on PREROUTING.
	Hooking IMQ before NAT on POSTROUTING.
initcall imq_init_module+0x0/0x200 returned 0 after 1338 usecs
calling  macvlan_init_module+0x0/0x90 @ 1
initcall macvlan_init_module+0x0/0x90 returned 0 after 71 usecs
calling  net_olddevs_init+0x0/0x90 @ 1
initcall net_olddevs_init+0x0/0x90 returned 0 after 95 usecs
calling  fixed_mdio_bus_init+0x0/0x11c @ 1
initcall fixed_mdio_bus_init+0x0/0x11c returned 0 after 572 usecs
calling  veth_init+0x0/0x1c @ 1
initcall veth_init+0x0/0x1c returned 0 after 6 usecs
calling  ppp_init+0x0/0x134 @ 1
PPP generic driver version 2.4.2
initcall ppp_init+0x0/0x134 returned 0 after 526 usecs
calling  ppp_async_init+0x0/0x44 @ 1
initcall ppp_async_init+0x0/0x44 returned 0 after 15 usecs
calling  bsdcomp_init+0x0/0x3c @ 1
PPP BSD Compression module registered
initcall bsdcomp_init+0x0/0x3c returned 0 after 116 usecs
calling  deflate_init+0x0/0x5c @ 1
PPP Deflate Compression module registered
initcall deflate_init+0x0/0x5c returned 0 after 115 usecs
calling  ppp_mppe_init+0x0/0xc8 @ 1
PPP MPPE Compression module registered
initcall ppp_mppe_init+0x0/0xc8 returned 0 after 204 usecs
calling  ppp_sync_init+0x0/0x44 @ 1
initcall ppp_sync_init+0x0/0x44 returned 0 after 13 usecs
calling  pppox_init+0x0/0x1c @ 1
NET: Registered protocol family 24
initcall pppox_init+0x0/0x1c returned 0 after 60 usecs
calling  pppoe_init+0x0/0xa0 @ 1
initcall pppoe_init+0x0/0xa0 returned 0 after 108 usecs
calling  pptp_init_module+0x0/0xe4 @ 1
PPTP driver version 0.8.5
initcall pptp_init_module+0x0/0xe4 returned 0 after 436 usecs
calling  serport_init+0x0/0x40 @ 1
initcall serport_init+0x0/0x40 returned 0 after 14 usecs
calling  input_leds_init+0x0/0x1c @ 1
initcall input_leds_init+0x0/0x1c returned 0 after 8 usecs
calling  evdev_init+0x0/0x1c @ 1
initcall evdev_init+0x0/0x1c returned 0 after 6 usecs
calling  atkbd_init+0x0/0x28 @ 1
initcall atkbd_init+0x0/0x28 returned 0 after 269 usecs
calling  psmouse_init+0x0/0x9c @ 1
initcall psmouse_init+0x0/0x9c returned 0 after 167 usecs
calling  i2c_dev_init+0x0/0xdc @ 1
i2c /dev entries driver
initcall i2c_dev_init+0x0/0xdc returned 0 after 147 usecs
calling  watchdog_gov_noop_register+0x0/0x1c @ 1
initcall watchdog_gov_noop_register+0x0/0x1c returned 0 after 79 usecs
calling  bcm96xxx_wdt_driver_init+0x0/0x20 @ 1
initcall bcm96xxx_wdt_driver_init+0x0/0x20 returned 0 after 79 usecs
calling  mmc_pwrseq_simple_driver_init+0x0/0x20 @ 1
initcall mmc_pwrseq_simple_driver_init+0x0/0x20 returned 0 after 62 usecs
calling  mmc_pwrseq_emmc_driver_init+0x0/0x20 @ 1
initcall mmc_pwrseq_emmc_driver_init+0x0/0x20 returned 0 after 84 usecs
calling  mmc_blk_init+0x0/0x10c @ 1
initcall mmc_blk_init+0x0/0x10c returned 0 after 216 usecs
calling  mmc_test_init+0x0/0x20 @ 1
initcall mmc_test_init+0x0/0x20 returned 0 after 18 usecs
calling  sdhci_drv_init+0x0/0x2c @ 1
sdhci: Secure Digital Host Controller Interface driver
sdhci: Copyright(c) Pierre Ossman
initcall sdhci_drv_init+0x0/0x2c returned 0 after 351 usecs
calling  sdhci_pltfm_drv_init+0x0/0x20 @ 1
sdhci-pltfm: SDHCI platform and OF driver helper
initcall sdhci_pltfm_drv_init+0x0/0x20 returned 0 after 82 usecs
calling  sdhci_bcm63xx_driver_init+0x0/0x20 @ 1
initcall sdhci_bcm63xx_driver_init+0x0/0x20 returned 0 after 233 usecs
calling  timer_led_trigger_init+0x0/0x1c @ 1
initcall timer_led_trigger_init+0x0/0x1c returned 0 after 78 usecs
calling  defon_led_trigger_init+0x0/0x1c @ 1
initcall defon_led_trigger_init+0x0/0x1c returned 0 after 33 usecs
calling  hid_init+0x0/0x78 @ 1
hidraw: raw HID events driver (C) Jiri Kosina
initcall hid_init+0x0/0x78 returned 0 after 310 usecs
calling  hid_generic_init+0x0/0x28 @ 1
initcall hid_generic_init+0x0/0x28 returned 0 after 172 usecs
calling  binder_init+0x0/0x2a8 @ 1
initcall binder_init+0x0/0x2a8 returned 0 after 2337 usecs
calling  sock_diag_init+0x0/0x4c @ 1
initcall sock_diag_init+0x0/0x4c returned 0 after 132 usecs
calling  llc_init+0x0/0x34 @ 1
initcall llc_init+0x0/0x34 returned 0 after 11 usecs
calling  snap_init+0x0/0x44 @ 1
initcall snap_init+0x0/0x44 returned 0 after 93 usecs
calling  blackhole_init+0x0/0x1c @ 1
initcall blackhole_init+0x0/0x1c returned 0 after 12 usecs
calling  police_init_module+0x0/0x20 @ 1
initcall police_init_module+0x0/0x20 returned 0 after 114 usecs
calling  gact_init_module+0x0/0x2c @ 1
GACT probability NOT on
initcall gact_init_module+0x0/0x2c returned 0 after 104 usecs
calling  mirred_init_module+0x0/0x68 @ 1
Mirror/redirect action on
initcall mirred_init_module+0x0/0x68 returned 0 after 142 usecs
calling  sample_init_module+0x0/0x20 @ 1
initcall sample_init_module+0x0/0x20 returned 0 after 34 usecs
calling  pedit_init_module+0x0/0x20 @ 1
initcall pedit_init_module+0x0/0x20 returned 0 after 37 usecs
calling  simp_init_module+0x0/0x40 @ 1
Simple TC action Loaded
initcall simp_init_module+0x0/0x40 returned 0 after 99 usecs
calling  skbedit_init_module+0x0/0x20 @ 1
initcall skbedit_init_module+0x0/0x20 returned 0 after 33 usecs
calling  csum_init_module+0x0/0x20 @ 1
initcall csum_init_module+0x0/0x20 returned 0 after 36 usecs
calling  vlan_init_module+0x0/0x20 @ 1
initcall vlan_init_module+0x0/0x20 returned 0 after 33 usecs
calling  connmark_init_module+0x0/0x20 @ 1
initcall connmark_init_module+0x0/0x20 returned 0 after 32 usecs
calling  skbmod_init_module+0x0/0x20 @ 1
initcall skbmod_init_module+0x0/0x20 returned 0 after 29 usecs
calling  cbq_module_init+0x0/0x1c @ 1
initcall cbq_module_init+0x0/0x1c returned 0 after 15 usecs
calling  htb_module_init+0x0/0x1c @ 1
initcall htb_module_init+0x0/0x1c returned 0 after 9 usecs
calling  ingress_module_init+0x0/0x4c @ 1
initcall ingress_module_init+0x0/0x4c returned 0 after 20 usecs
calling  dsmark_module_init+0x0/0x1c @ 1
initcall dsmark_module_init+0x0/0x1c returned 0 after 5 usecs
calling  sfq_module_init+0x0/0x1c @ 1
initcall sfq_module_init+0x0/0x1c returned 0 after 9 usecs
calling  tbf_module_init+0x0/0x1c @ 1
initcall tbf_module_init+0x0/0x1c returned 0 after 5 usecs
calling  prio_module_init+0x0/0x1c @ 1
initcall prio_module_init+0x0/0x1c returned 0 after 5 usecs
calling  fq_codel_module_init+0x0/0x1c @ 1
initcall fq_codel_module_init+0x0/0x1c returned 0 after 7 usecs
calling  cake_module_init+0x0/0x1c @ 1
initcall cake_module_init+0x0/0x1c returned 0 after 6 usecs
calling  init_u32+0x0/0x9c @ 1
u32 classifier
    Performance counters on
    input device check on
    Actions configured
initcall init_u32+0x0/0x9c returned 0 after 267 usecs
calling  init_route4+0x0/0x1c @ 1
initcall init_route4+0x0/0x1c returned 0 after 22 usecs
calling  init_fw+0x0/0x1c @ 1
initcall init_fw+0x0/0x1c returned 0 after 6 usecs
calling  init_basic+0x0/0x1c @ 1
initcall init_basic+0x0/0x1c returned 0 after 6 usecs
calling  cls_flow_init+0x0/0x1c @ 1
initcall cls_flow_init+0x0/0x1c returned 0 after 6 usecs
calling  cls_fl_init+0x0/0x1c @ 1
initcall cls_fl_init+0x0/0x1c returned 0 after 9 usecs
calling  cls_mall_init+0x0/0x1c @ 1
initcall cls_mall_init+0x0/0x1c returned 0 after 6 usecs
calling  nfnetlink_init+0x0/0x88 @ 1
initcall nfnetlink_init+0x0/0x88 returned 0 after 185 usecs
calling  nfnetlink_queue_init+0x0/0xb0 @ 1
initcall nfnetlink_queue_init+0x0/0xb0 returned 0 after 159 usecs
calling  nfnetlink_log_init+0x0/0xb8 @ 1
initcall nfnetlink_log_init+0x0/0xb8 returned 0 after 130 usecs
calling  nf_conntrack_standalone_init+0x0/0xa4 @ 1
initcall nf_conntrack_standalone_init+0x0/0xa4 returned 0 after 1496 usecs
calling  nf_ct_proto_gre_init+0x0/0x58 @ 1
initcall nf_ct_proto_gre_init+0x0/0x58 returned 0 after 70 usecs
calling  ctnetlink_init+0x0/0xb8 @ 1
initcall ctnetlink_init+0x0/0xb8 returned 0 after 81 usecs
calling  nf_conntrack_pptp_init+0x0/0x1c @ 1
initcall nf_conntrack_pptp_init+0x0/0x1c returned 0 after 105 usecs
calling  nf_log_common_init+0x0/0x8 @ 1
initcall nf_log_common_init+0x0/0x8 returned 0 after 2 usecs
calling  nf_nat_init+0x0/0x100 @ 1
initcall nf_nat_init+0x0/0x100 returned 0 after 115 usecs
calling  nf_conncount_modinit+0x0/0x98 @ 1
initcall nf_conncount_modinit+0x0/0x98 returned 0 after 425 usecs
calling  xt_init+0x0/0x130 @ 1
initcall xt_init+0x0/0x130 returned 0 after 174 usecs
calling  tcpudp_mt_init+0x0/0x20 @ 1
initcall tcpudp_mt_init+0x0/0x20 returned 0 after 78 usecs
calling  mark_mt_init+0x0/0x60 @ 1
initcall mark_mt_init+0x0/0x60 returned 0 after 50 usecs
calling  connmark_mt_init+0x0/0x68 @ 1
initcall connmark_mt_init+0x0/0x68 returned 0 after 92 usecs
calling  xt_set_init+0x0/0x58 @ 1
initcall xt_set_init+0x0/0x58 returned 0 after 30 usecs
calling  xt_nat_init+0x0/0x20 @ 1
initcall xt_nat_init+0x0/0x20 returned 0 after 15 usecs
calling  classify_tg_init+0x0/0x20 @ 1
initcall classify_tg_init+0x0/0x20 returned 0 after 6 usecs
calling  xt_ct_tg_init+0x0/0x64 @ 1
initcall xt_ct_tg_init+0x0/0x64 returned 0 after 21 usecs
calling  dscp_tg_init+0x0/0x20 @ 1
initcall dscp_tg_init+0x0/0x20 returned 0 after 11 usecs
calling  imq_init+0x0/0x20 @ 1
initcall imq_init+0x0/0x20 returned 0 after 6 usecs
calling  log_tg_init+0x0/0x20 @ 1
initcall log_tg_init+0x0/0x20 returned 0 after 6 usecs
calling  netmap_tg_init+0x0/0x20 @ 1
initcall netmap_tg_init+0x0/0x20 returned 0 after 29 usecs
calling  nflog_tg_init+0x0/0x1c @ 1
initcall nflog_tg_init+0x0/0x1c returned 0 after 7 usecs
calling  nfqueue_tg_init+0x0/0x20 @ 1
initcall nfqueue_tg_init+0x0/0x20 returned 0 after 10 usecs
calling  redirect_tg_init+0x0/0x20 @ 1
initcall redirect_tg_init+0x0/0x20 returned 0 after 6 usecs
calling  tcpmss_tg_init+0x0/0x20 @ 1
initcall tcpmss_tg_init+0x0/0x20 returned 0 after 6 usecs
calling  addrtype_mt_init+0x0/0x20 @ 1
initcall addrtype_mt_init+0x0/0x20 returned 0 after 6 usecs
calling  connbytes_mt_init+0x0/0x1c @ 1
initcall connbytes_mt_init+0x0/0x1c returned 0 after 5 usecs
calling  connlimit_mt_init+0x0/0x1c @ 1
initcall connlimit_mt_init+0x0/0x1c returned 0 after 9 usecs
calling  conntrack_mt_init+0x0/0x20 @ 1
initcall conntrack_mt_init+0x0/0x20 returned 0 after 6 usecs
calling  dscp_mt_init+0x0/0x20 @ 1
initcall dscp_mt_init+0x0/0x20 returned 0 after 6 usecs
calling  helper_mt_init+0x0/0x1c @ 1
initcall helper_mt_init+0x0/0x1c returned 0 after 5 usecs
calling  iprange_mt_init+0x0/0x20 @ 1
initcall iprange_mt_init+0x0/0x20 returned 0 after 14 usecs
calling  limit_mt_init+0x0/0x1c @ 1
initcall limit_mt_init+0x0/0x1c returned 0 after 12 usecs
calling  mac_mt_init+0x0/0x1c @ 1
initcall mac_mt_init+0x0/0x1c returned 0 after 29 usecs
calling  multiport_mt_init+0x0/0x20 @ 1
initcall multiport_mt_init+0x0/0x20 returned 0 after 9 usecs
calling  policy_mt_init+0x0/0x20 @ 1
initcall policy_mt_init+0x0/0x20 returned 0 after 7 usecs
calling  recent_mt_init+0x0/0x94 @ 1
initcall recent_mt_init+0x0/0x94 returned 0 after 208 usecs
calling  state_mt_init+0x0/0x1c @ 1
initcall state_mt_init+0x0/0x1c returned 0 after 6 usecs
calling  statistic_mt_init+0x0/0x1c @ 1
initcall statistic_mt_init+0x0/0x1c returned 0 after 5 usecs
calling  string_mt_init+0x0/0x1c @ 1
initcall string_mt_init+0x0/0x1c returned 0 after 5 usecs
calling  tcpmss_mt_init+0x0/0x20 @ 1
initcall tcpmss_mt_init+0x0/0x20 returned 0 after 10 usecs
calling  time_mt_init+0x0/0x5c @ 1
xt_time: kernel timezone is -0000
initcall time_mt_init+0x0/0x5c returned 0 after 69 usecs
calling  u32_mt_init+0x0/0x1c @ 1
initcall u32_mt_init+0x0/0x1c returned 0 after 37 usecs
calling  init+0x0/0x20 @ 1
initcall init+0x0/0x20 returned 0 after 9 usecs
calling  ip_set_init+0x0/0xb4 @ 1
initcall ip_set_init+0x0/0xb4 returned 0 after 134 usecs
calling  bitmap_ip_init+0x0/0x1c @ 1
initcall bitmap_ip_init+0x0/0x1c returned 0 after 186 usecs
calling  bitmap_ipmac_init+0x0/0x1c @ 1
initcall bitmap_ipmac_init+0x0/0x1c returned 0 after 97 usecs
calling  bitmap_port_init+0x0/0x1c @ 1
initcall bitmap_port_init+0x0/0x1c returned 0 after 11 usecs
calling  hash_ip_init+0x0/0x1c @ 1
initcall hash_ip_init+0x0/0x1c returned 0 after 6 usecs
calling  hash_ipmac_init+0x0/0x1c @ 1
initcall hash_ipmac_init+0x0/0x1c returned 0 after 10 usecs
calling  hash_ipmark_init+0x0/0x1c @ 1
initcall hash_ipmark_init+0x0/0x1c returned 0 after 31 usecs
calling  hash_ipport_init+0x0/0x1c @ 1
initcall hash_ipport_init+0x0/0x1c returned 0 after 8 usecs
calling  hash_ipportip_init+0x0/0x1c @ 1
initcall hash_ipportip_init+0x0/0x1c returned 0 after 6 usecs
calling  hash_ipportnet_init+0x0/0x1c @ 1
initcall hash_ipportnet_init+0x0/0x1c returned 0 after 6 usecs
calling  hash_mac_init+0x0/0x1c @ 1
initcall hash_mac_init+0x0/0x1c returned 0 after 17 usecs
calling  hash_net_init+0x0/0x1c @ 1
initcall hash_net_init+0x0/0x1c returned 0 after 7 usecs
calling  hash_netport_init+0x0/0x1c @ 1
initcall hash_netport_init+0x0/0x1c returned 0 after 6 usecs
calling  hash_netiface_init+0x0/0x1c @ 1
initcall hash_netiface_init+0x0/0x1c returned 0 after 5 usecs
calling  hash_netnet_init+0x0/0x1c @ 1
initcall hash_netnet_init+0x0/0x1c returned 0 after 7 usecs
calling  hash_netportnet_init+0x0/0x1c @ 1
initcall hash_netportnet_init+0x0/0x1c returned 0 after 10 usecs
calling  list_set_init+0x0/0x1c @ 1
initcall list_set_init+0x0/0x1c returned 0 after 10 usecs
calling  gre_offload_init+0x0/0x58 @ 1
initcall gre_offload_init+0x0/0x58 returned 0 after 57 usecs
calling  sysctl_ipv4_init+0x0/0x60 @ 1
initcall sysctl_ipv4_init+0x0/0x60 returned 0 after 150 usecs
calling  gre_init+0x0/0x48 @ 1
gre: GRE over IPv4 demultiplexor driver
initcall gre_init+0x0/0x48 returned 0 after 74 usecs
calling  ipgre_init+0x0/0x118 @ 1
ip_gre: GRE over IPv4 tunneling driver
Assigning idx[9] for gre0
Assigning idx[10] for gretap0
Assigning idx[11] for erspan0
initcall ipgre_init+0x0/0x118 returned 0 after 2175 usecs
calling  vti_init+0x0/0x140 @ 1
IPv4 over IPsec tunneling driver
Assigning idx[12] for ip_vti0
initcall vti_init+0x0/0x140 returned 0 after 662 usecs
calling  xfrm4_beet_init+0x0/0x20 @ 1
initcall xfrm4_beet_init+0x0/0x20 returned 0 after 70 usecs
calling  tunnel4_init+0x0/0x64 @ 1
initcall tunnel4_init+0x0/0x64 returned 0 after 32 usecs
calling  xfrm4_transport_init+0x0/0x20 @ 1
initcall xfrm4_transport_init+0x0/0x20 returned 0 after 22 usecs
calling  xfrm4_mode_tunnel_init+0x0/0x20 @ 1
initcall xfrm4_mode_tunnel_init+0x0/0x20 returned 0 after 42 usecs
calling  nf_nat_l3proto_ipv4_init+0x0/0x5c @ 1
initcall nf_nat_l3proto_ipv4_init+0x0/0x5c returned 0 after 141 usecs
calling  nf_defrag_init+0x0/0x1c @ 1
initcall nf_defrag_init+0x0/0x1c returned 0 after 9 usecs
calling  nf_log_ipv4_init+0x0/0x68 @ 1
initcall nf_log_ipv4_init+0x0/0x68 returned 0 after 137 usecs
calling  nf_nat_helper_pptp_init+0x0/0x88 @ 1
initcall nf_nat_helper_pptp_init+0x0/0x88 returned 0 after 37 usecs
calling  nf_nat_proto_gre_init+0x0/0x20 @ 1
initcall nf_nat_proto_gre_init+0x0/0x20 returned 0 after 8 usecs
calling  ip_tables_init+0x0/0xa4 @ 1
initcall ip_tables_init+0x0/0xa4 returned 0 after 167 usecs
calling  iptable_filter_init+0x0/0x60 @ 1
initcall iptable_filter_init+0x0/0x60 returned 0 after 1595 usecs
calling  iptable_mangle_init+0x0/0xf0 @ 1
initcall iptable_mangle_init+0x0/0xf0 returned 0 after 224 usecs
calling  iptable_nat_init+0x0/0x58 @ 1
initcall iptable_nat_init+0x0/0x58 returned 0 after 387 usecs
calling  iptable_raw_init+0x0/0xb0 @ 1
initcall iptable_raw_init+0x0/0xb0 returned 0 after 85 usecs
calling  masquerade_tg_init+0x0/0x48 @ 1
initcall masquerade_tg_init+0x0/0x48 returned 0 after 64 usecs
calling  reject_tg_init+0x0/0x1c @ 1
initcall reject_tg_init+0x0/0x1c returned 0 after 6 usecs
calling  init+0x0/0x1c @ 1
initcall init+0x0/0x1c returned 0 after 6 usecs
calling  init+0x0/0x64 @ 1
initcall init+0x0/0x64 returned 0 after 27 usecs
calling  cubictcp_register+0x0/0x60 @ 1
initcall cubictcp_register+0x0/0x60 returned 0 after 29 usecs
calling  inet6_init+0x0/0x340 @ 1
NET: Registered protocol family 10
Segment Routing with IPv6
initcall inet6_init+0x0/0x340 returned 0 after 7097 usecs
calling  ah6_init+0x0/0x88 @ 1
initcall ah6_init+0x0/0x88 returned 0 after 162 usecs
calling  esp6_init+0x0/0x88 @ 1
initcall esp6_init+0x0/0x88 returned 0 after 47 usecs
calling  ipcomp6_init+0x0/0x88 @ 1
initcall ipcomp6_init+0x0/0x88 returned 0 after 30 usecs
calling  xfrm6_tunnel_init+0x0/0xf0 @ 1
initcall xfrm6_tunnel_init+0x0/0xf0 returned 0 after 179 usecs
calling  tunnel6_init+0x0/0x7c @ 1
initcall tunnel6_init+0x0/0x7c returned 0 after 16 usecs
calling  xfrm6_transport_init+0x0/0x20 @ 1
initcall xfrm6_transport_init+0x0/0x20 returned 0 after 11 usecs
calling  xfrm6_mode_tunnel_init+0x0/0x20 @ 1
initcall xfrm6_mode_tunnel_init+0x0/0x20 returned 0 after 6 usecs
calling  xfrm6_beet_init+0x0/0x20 @ 1
initcall xfrm6_beet_init+0x0/0x20 returned 0 after 6 usecs
calling  ip6_tables_init+0x0/0xa4 @ 1
initcall ip6_tables_init+0x0/0xa4 returned 0 after 61 usecs
calling  ip6table_filter_init+0x0/0x60 @ 1
initcall ip6table_filter_init+0x0/0x60 returned 0 after 667 usecs
calling  ip6table_mangle_init+0x0/0xf0 @ 1
initcall ip6table_mangle_init+0x0/0xf0 returned 0 after 1142 usecs
calling  ip6table_raw_init+0x0/0xb0 @ 1
initcall ip6table_raw_init+0x0/0xb0 returned 0 after 86 usecs
calling  ip6table_nat_init+0x0/0x58 @ 1
initcall ip6table_nat_init+0x0/0x58 returned 0 after 119 usecs
calling  nf_nat_l3proto_ipv6_init+0x0/0x58 @ 1
initcall nf_nat_l3proto_ipv6_init+0x0/0x58 returned 0 after 28 usecs
calling  nf_defrag_init+0x0/0x5c @ 1
initcall nf_defrag_init+0x0/0x5c returned 0 after 205 usecs
calling  nf_log_ipv6_init+0x0/0x68 @ 1
initcall nf_log_ipv6_init+0x0/0x68 returned 0 after 35 usecs
calling  rt_mt6_init+0x0/0x1c @ 1
initcall rt_mt6_init+0x0/0x1c returned 0 after 6 usecs
calling  masquerade_tg6_init+0x0/0x48 @ 1
initcall masquerade_tg6_init+0x0/0x48 returned 0 after 67 usecs
calling  ip6t_npt_init+0x0/0x20 @ 1
initcall ip6t_npt_init+0x0/0x20 returned 0 after 6 usecs
calling  reject_tg6_init+0x0/0x1c @ 1
initcall reject_tg6_init+0x0/0x1c returned 0 after 6 usecs
calling  vti6_tunnel_init+0x0/0x110 @ 1
Assigning idx[13] for ip6_vti0
initcall vti6_tunnel_init+0x0/0x110 returned 0 after 1138 usecs
calling  sit_init+0x0/0xe4 @ 1
sit: IPv6, IPv4 and MPLS over IPv4 tunneling driver
Assigning idx[14] for sit0
initcall sit_init+0x0/0xe4 returned 0 after 848 usecs
calling  ip6_tunnel_init+0x0/0xf4 @ 1
Assigning idx[15] for ip6tnl0
initcall ip6_tunnel_init+0x0/0xf4 returned 0 after 916 usecs
calling  ip6gre_init+0x0/0xd8 @ 1
ip6_gre: GRE over IPv6 tunneling driver
Assigning idx[16] for ip6gre0
initcall ip6gre_init+0x0/0xd8 returned 0 after 1101 usecs
calling  packet_init+0x0/0x94 @ 1
NET: Registered protocol family 17
initcall packet_init+0x0/0x94 returned 0 after 243 usecs
calling  ipsec_pfkey_init+0x0/0x84 @ 1
NET: Registered protocol family 15
initcall ipsec_pfkey_init+0x0/0x84 returned 0 after 143 usecs
calling  br_init+0x0/0xf0 @ 1
bridge: filtering via arp/ip/ip6tables is no longer available by default. Update your scripts to load br_netfilter if you need this.
initcall br_init+0x0/0xf0 returned 0 after 499 usecs
calling  ebtables_init+0x0/0x54 @ 1
initcall ebtables_init+0x0/0x54 returned 0 after 17 usecs
calling  ebtable_broute_init+0x0/0x34 @ 1
initcall ebtable_broute_init+0x0/0x34 returned 0 after 350 usecs
calling  ebtable_filter_init+0x0/0x1c @ 1
initcall ebtable_filter_init+0x0/0x1c returned 0 after 89 usecs
calling  ebtable_nat_init+0x0/0x1c @ 1
initcall ebtable_nat_init+0x0/0x1c returned 0 after 24 usecs
calling  ebt_arp_init+0x0/0x1c @ 1
initcall ebt_arp_init+0x0/0x1c returned 0 after 8 usecs
calling  ebt_ip_init+0x0/0x1c @ 1
initcall ebt_ip_init+0x0/0x1c returned 0 after 6 usecs
calling  ebt_ip6_init+0x0/0x1c @ 1
initcall ebt_ip6_init+0x0/0x1c returned 0 after 5 usecs
calling  ebt_limit_init+0x0/0x1c @ 1
initcall ebt_limit_init+0x0/0x1c returned 0 after 6 usecs
calling  ebt_mark_m_init+0x0/0x1c @ 1
initcall ebt_mark_m_init+0x0/0x1c returned 0 after 9 usecs
calling  ebt_pkttype_init+0x0/0x1c @ 1
initcall ebt_pkttype_init+0x0/0x1c returned 0 after 5 usecs
calling  ebt_stp_init+0x0/0x1c @ 1
initcall ebt_stp_init+0x0/0x1c returned 0 after 5 usecs
calling  ebt_vlan_init+0x0/0x1c @ 1
initcall ebt_vlan_init+0x0/0x1c returned 0 after 5 usecs
calling  ebt_arpreply_init+0x0/0x1c @ 1
initcall ebt_arpreply_init+0x0/0x1c returned 0 after 5 usecs
calling  ebt_mark_init+0x0/0x1c @ 1
initcall ebt_mark_init+0x0/0x1c returned 0 after 13 usecs
calling  ebt_dnat_init+0x0/0x1c @ 1
initcall ebt_dnat_init+0x0/0x1c returned 0 after 6 usecs
calling  ebt_redirect_init+0x0/0x1c @ 1
initcall ebt_redirect_init+0x0/0x1c returned 0 after 5 usecs
calling  ebt_snat_init+0x0/0x1c @ 1
initcall ebt_snat_init+0x0/0x1c returned 0 after 5 usecs
calling  ebt_log_init+0x0/0x1c @ 1
initcall ebt_log_init+0x0/0x1c returned 0 after 5 usecs
calling  l2tp_init+0x0/0x8c @ 1
l2tp_core: L2TP core driver, V2.0
initcall l2tp_init+0x0/0x8c returned 0 after 125 usecs
calling  pppol2tp_init+0x0/0x90 @ 1
l2tp_ppp: PPPoL2TP kernel driver, V2.0
initcall pppol2tp_init+0x0/0x90 returned 0 after 118 usecs
calling  vlan_proto_init+0x0/0xb0 @ 1
8021q: 802.1Q VLAN Support v1.8
initcall vlan_proto_init+0x0/0xb0 returned 0 after 210 usecs
calling  sctp_init+0x0/0x420 @ 1
sctp: Hash tables configured (bind 256/256)
initcall sctp_init+0x0/0x420 returned 0 after 1373 usecs
calling  psample_module_init+0x0/0x1c @ 1
initcall psample_module_init+0x0/0x1c returned 0 after 106 usecs
calling  brcm_board_init+0x0/0x1cc @ 1
brcmboard registered
brcmboard: brcm_board_init entry
ERROR - Invalid number of MAC addresses (0) is configured.
initcall brcm_board_init+0x0/0x1cc returned 0 after 1118 usecs
calling  bcm63000_i2c_driver_init+0x0/0x20 @ 1
initcall bcm63000_i2c_driver_init+0x0/0x20 returned 0 after 119 usecs
calling  bootstate_module_init+0x0/0x54 @ 1
initcall bootstate_module_init+0x0/0x54 returned 0 after 180 usecs
calling  detect_init+0x0/0x1c0 @ 1

Optical detection module loaded.
initcall detect_init+0x0/0x1c0 returned 0 after 610 usecs
calling  bcmgps_init+0x0/0x30 @ 1
Broadcom GPS GPIO driver
initcall bcmgps_init+0x0/0x30 returned 0 after 154 usecs
calling  bcm_sfp_init+0x0/0x2c @ 1
initcall bcm_sfp_init+0x0/0x2c returned 0 after 73 usecs
calling  bcm_memc_platform_driver_init+0x0/0x28 @ 1
initcall bcm_memc_platform_driver_init+0x0/0x28 returned -19 after 806 usecs
calling  reset_button_init+0x0/0x94 @ 1
initcall reset_button_init+0x0/0x94 returned 0 after 38 usecs
calling  bcm_ubus_dcm_module_init+0x0/0x24 @ 1
initcall bcm_ubus_dcm_module_init+0x0/0x24 returned 0 after 67 usecs
calling  bcm_br_hooks_init+0x0/0x40 @ 1
Bridge Broadcom hooks registered
initcall bcm_br_hooks_init+0x0/0x40 returned 0 after 720 usecs
calling  ebt_blog_mt_init+0x0/0x3c @ 1
ebt_blog registered
initcall ebt_blog_mt_init+0x0/0x3c returned 0 after 237 usecs
calling  ebt_ftos_init+0x0/0x3c @ 1
ebt_ftos registered
initcall ebt_ftos_init+0x0/0x3c returned 0 after 58 usecs
calling  ebt_ip_init+0x0/0x1c @ 1
initcall ebt_ip_init+0x0/0x1c returned 0 after 28 usecs
calling  ebt_ip6_init+0x0/0x1c @ 1
initcall ebt_ip6_init+0x0/0x1c returned 0 after 10 usecs
calling  ebt_qos_map_init+0x0/0x3c @ 1
ebt_qos_map registered
initcall ebt_qos_map_init+0x0/0x3c returned 0 after 50 usecs
calling  ebt_skbvlan_m_init+0x0/0x1c @ 1
initcall ebt_skbvlan_m_init+0x0/0x1c returned 0 after 5 usecs
calling  ebt_skiplog_init+0x0/0x1c @ 1
initcall ebt_skiplog_init+0x0/0x1c returned 0 after 5 usecs
calling  ebt_time_init+0x0/0x3c @ 1
ebt_time registered
initcall ebt_time_init+0x0/0x3c returned 0 after 50 usecs
calling  ebt_u32_init+0x0/0x1c @ 1
initcall ebt_u32_init+0x0/0x1c returned 0 after 6 usecs
calling  ebt_dscp_init+0x0/0x3c @ 1
ebt_dscp registered
initcall ebt_dscp_init+0x0/0x3c returned 0 after 47 usecs
calling  ebt_skb_priority_init+0x0/0x1c @ 1
initcall ebt_skb_priority_init+0x0/0x1c returned 0 after 6 usecs
calling  ebt_vtag_init+0x0/0x3c @ 1
ebt_vtag registered
initcall ebt_vtag_init+0x0/0x3c returned 0 after 47 usecs
calling  ebt_wmm_mark_init+0x0/0x3c @ 1
ebt_wmm_mark registered
initcall ebt_wmm_mark_init+0x0/0x3c returned 0 after 78 usecs
calling  ebt_reject_init+0x0/0x3c @ 1
ebt_reject registered
initcall ebt_reject_init+0x0/0x3c returned 0 after 47 usecs
calling  ebt_fsmark_init+0x0/0x1c @ 1
initcall ebt_fsmark_init+0x0/0x1c returned 0 after 5 usecs
calling  fsmark_tg_init+0x0/0x24 @ 1
initcall fsmark_tg_init+0x0/0x24 returned 0 after 11 usecs
calling  mac_mt_init_extend+0x0/0x1c @ 1
initcall mac_mt_init_extend+0x0/0x1c returned 0 after 9 usecs
calling  mark_mt_init+0x0/0x24 @ 1
initcall mark_mt_init+0x0/0x24 returned 0 after 7 usecs
calling  of_platform_driver_init+0x0/0x20 @ 1
initcall of_platform_driver_init+0x0/0x20 returned 0 after 147 usecs
calling  of_platform_driver_init+0x0/0x20 @ 1
initcall of_platform_driver_init+0x0/0x20 returned 0 after 130 usecs
calling  of_platform_driver_init+0x0/0x24 @ 1
initcall of_platform_driver_init+0x0/0x24 returned 0 after 174 usecs
calling  of_platform_driver_init+0x0/0x20 @ 1
initcall of_platform_driver_init+0x0/0x20 returned 0 after 73 usecs
calling  of_platform_driver_init+0x0/0x20 @ 1
initcall of_platform_driver_init+0x0/0x20 returned 0 after 145 usecs
calling  of_platform_driver_init+0x0/0x20 @ 1
initcall of_platform_driver_init+0x0/0x20 returned 0 after 124 usecs
calling  of_platform_driver_init+0x0/0x20 @ 1
initcall of_platform_driver_init+0x0/0x20 returned 0 after 60 usecs
calling  ephy_led_platform_driver_init+0x0/0x20 @ 1
initcall ephy_led_platform_driver_init+0x0/0x20 returned 0 after 62 usecs
calling  of_platform_driver_init+0x0/0x20 @ 1
initcall of_platform_driver_init+0x0/0x20 returned 0 after 54 usecs
calling  kernel_panic_sysctls_init+0x0/0x30 @ 1
initcall kernel_panic_sysctls_init+0x0/0x30 returned 0 after 62 usecs
calling  kernel_panic_sysfs_init+0x0/0x30 @ 1
initcall kernel_panic_sysfs_init+0x0/0x30 returned 0 after 83 usecs
calling  init_oops_id+0x0/0x40 @ 1
initcall init_oops_id+0x0/0x40 returned 0 after 25 usecs
calling  kernel_exit_sysctls_init+0x0/0x30 @ 1
initcall kernel_exit_sysctls_init+0x0/0x30 returned 0 after 12 usecs
calling  kernel_exit_sysfs_init+0x0/0x30 @ 1
initcall kernel_exit_sysfs_init+0x0/0x30 returned 0 after 11 usecs
calling  pm_qos_power_init+0x0/0xcc @ 1
initcall pm_qos_power_init+0x0/0xcc returned 0 after 2949 usecs
calling  printk_late_init+0x0/0x150 @ 1
initcall printk_late_init+0x0/0x150 returned 0 after 53 usecs
calling  tk_debug_sleep_time_init+0x0/0x4c @ 1
initcall tk_debug_sleep_time_init+0x0/0x4c returned 0 after 37 usecs
calling  load_system_certificate_list+0x0/0x118 @ 1
Loading compiled-in X.509 certificates
initcall load_system_certificate_list+0x0/0x118 returned 0 after 703 usecs
calling  fault_around_debugfs+0x0/0x44 @ 1
initcall fault_around_debugfs+0x0/0x44 returned 0 after 82 usecs
calling  max_swapfiles_check+0x0/0x8 @ 1
initcall max_swapfiles_check+0x0/0x8 returned 0 after 3 usecs
calling  init_zswap+0x0/0x44c @ 1
zswap: default zpool zsmalloc not available
zswap: pool creation failed
initcall init_zswap+0x0/0x44c returned 0 after 4721 usecs
calling  split_huge_pages_debugfs+0x0/0x60 @ 1
initcall split_huge_pages_debugfs+0x0/0x60 returned 0 after 23 usecs
calling  check_early_ioremap_leak+0x0/0x5c @ 1
initcall check_early_ioremap_leak+0x0/0x5c returned 0 after 47 usecs
calling  set_hardened_usercopy+0x0/0x80 @ 1
initcall set_hardened_usercopy+0x0/0x80 returned 1 after 16 usecs
calling  ubifs_init+0x0/0xcc @ 1
initcall ubifs_init+0x0/0xcc returned 0 after 1242 usecs
calling  init_root_keyring+0x0/0x14 @ 1
initcall init_root_keyring+0x0/0x14 returned 0 after 751 usecs
calling  prandom_init_late+0x0/0x44 @ 1
initcall prandom_init_late+0x0/0x44 returned 0 after 53 usecs
calling  pci_resource_alignment_sysfs_init+0x0/0x28 @ 1
initcall pci_resource_alignment_sysfs_init+0x0/0x28 returned 0 after 25 usecs
calling  pci_sysfs_init+0x0/0x60 @ 1
initcall pci_sysfs_init+0x0/0x60 returned 0 after 20 usecs
calling  clk_debug_init+0x0/0x11c @ 1
initcall clk_debug_init+0x0/0x11c returned 0 after 537 usecs
calling  deferred_probe_initcall+0x0/0xb0 @ 1
initcall deferred_probe_initcall+0x0/0xb0 returned 0 after 425 usecs
calling  ubi_init+0x0/0x258 @ 1
initcall ubi_init+0x0/0x258 returned 0 after 602 usecs
calling  vxlan_init_module+0x0/0x84 @ 1
initcall vxlan_init_module+0x0/0x84 returned 0 after 236 usecs
calling  of_fdt_raw_init+0x0/0x80 @ 1
initcall of_fdt_raw_init+0x0/0x80 returned 0 after 1185 usecs
calling  tcp_congestion_default+0x0/0x24 @ 1
initcall tcp_congestion_default+0x0/0x24 returned 0 after 120 usecs
calling  bcm_blxparms_init_late+0x0/0xec @ 1
initcall bcm_blxparms_init_late+0x0/0xec returned 0 after 58 usecs
calling  bcm_arm_cpuidle_init+0x0/0x58 @ 1
initcall bcm_arm_cpuidle_init+0x0/0x58 returned 0 after 527 usecs
calling  pmc_sysfs_init+0x0/0x4b4 @ 1
initcall pmc_sysfs_init+0x0/0x4b4 returned 0 after 1389 usecs
calling  xport_proc_init+0x0/0x100 @ 1
initcall xport_proc_init+0x0/0x100 returned 0 after 40 usecs
calling  mac_init+0x0/0x60 @ 1
initcall mac_init+0x0/0x60 returned 0 after 17 usecs
calling  phy_proc_init+0x0/0x108 @ 1
initcall phy_proc_init+0x0/0x108 returned 0 after 53 usecs
calling  phy_init+0x0/0x28 @ 1
initcall phy_init+0x0/0x28 returned 0 after 452 usecs
calling  clk_disable_unused+0x0/0x120 @ 1
initcall clk_disable_unused+0x0/0x120 returned 0 after 118 usecs
calling  regulator_init_complete+0x0/0x6c @ 1
initcall regulator_init_complete+0x0/0x6c returned 0 after 53 usecs
Freeing unused kernel memory: 1344K
Checked W+X mappings: passed, no W+X pages found
Run /init as init process
QEMU_LAB_INIT_REACHED
LAB_BUSYBOX_WITHOUT_CACHE_PASS
LAB_NOCACHE_LINKER_SUMMARY count=312 failed=0
dl_dst_lib="lib/arm-linux-gnueabi"
path.system_dirs[0x0]="/lib/arm-linux-gnueabi/"
path.system_dirs[0x1]="/usr/lib/arm-linux-gnueabi/"
path.system_dirs[0x2]="/lib/"
path.system_dirs[0x3]="/usr/lib/"
version.version="2.44"
dl_dst_lib="lib/arm-linux-gnueabihf"
path.system_dirs[0x0]="/lib/arm-linux-gnueabihf/"
path.system_dirs[0x1]="/usr/lib/arm-linux-gnueabihf/"
path.system_dirs[0x2]="/lib/"
path.system_dirs[0x3]="/usr/lib/"
version.version="2.44"
dl_dst_lib="lib/aarch64-linux-gnu"
path.system_dirs[0x0]="/lib/aarch64-linux-gnu/"
path.system_dirs[0x1]="/usr/lib/aarch64-linux-gnu/"
path.system_dirs[0x2]="/lib/"
path.system_dirs[0x3]="/usr/lib/"
version.version="2.44"
LAB_MULTIARCH_LIBRARY zlib /usr/lib/arm-linux-gnueabi/libz.so.1
LAB_MULTIARCH_LIBRARY expat /usr/lib/arm-linux-gnueabi/libexpat.so.1
LAB_MULTIARCH_LIBRARY json-c /usr/lib/arm-linux-gnueabi/libjson-c.so.2
LAB_MULTIARCH_LIBRARY libcap-ng /usr/lib/arm-linux-gnueabi/libcap-ng.so.0
LAB_GCC15_LIBRARY_PROBE_PASS zlib=1.2.12 expat=expat_2.0.1 pointer=4 time=4 offset=4
LAB_USERSPACE_BEGIN /lib/ld-linux-aarch64.so.1 --version
ld.so (GNU libc) stable release version 2.44.
Copyright (C) 2026 Free Software Foundation, Inc.
This is free software; see the source for copying conditions.
There is NO warranty; not even for MERCHANTABILITY or FITNESS FOR A
PARTICULAR PURPOSE.
LAB_USERSPACE_PASS /lib/ld-linux-aarch64.so.1 --version
LAB_USERSPACE_BEGIN /lib/ld-linux.so.3 --version
ld.so (GNU libc) stable release version 2.44.
Copyright (C) 2026 Free Software Foundation, Inc.
This is free software; see the source for copying conditions.
There is NO warranty; not even for MERCHANTABILITY or FITNESS FOR A
PARTICULAR PURPOSE.
LAB_USERSPACE_PASS /lib/ld-linux.so.3 --version
LAB_USERSPACE_BEGIN /bin/busybox echo armel-busybox-runs
armel-busybox-runs
LAB_USERSPACE_PASS /bin/busybox echo armel-busybox-runs
LAB_USERSPACE_BEGIN /usr/bin/bash --version
GNU bash, version 5.3.15(1)-release (aarch64-unknown-linux-gnu)
Copyright (C) 2025 Free Software Foundation, Inc.
License GPLv3+: GNU GPL version 3 or later <http://gnu.org/licenses/gpl.html>

This is free software; you are free to change and redistribute it.
There is NO WARRANTY, to the extent permitted by law.
LAB_USERSPACE_PASS /usr/bin/bash --version
LAB_USERSPACE_BEGIN /usr/gnu/bin/coreutils --coreutils-prog=ls --version
ls (GNU coreutils) 9.11
Copyright (C) 2026 Free Software Foundation, Inc.
License GPLv3+: GNU GPL version 3 or later <https://gnu.org/licenses/gpl.html>.
This is free software: you are free to change and redistribute it.
There is NO WARRANTY, to the extent permitted by law.

Written by Richard M. Stallman and David MacKenzie.
LAB_USERSPACE_PASS /usr/gnu/bin/coreutils --coreutils-prog=ls --version
LAB_USERSPACE_BEGIN /usr/gnu/bin/tar --version
tar (GNU tar) 1.35
Copyright (C) 2023 Free Software Foundation, Inc.
License GPLv3+: GNU GPL version 3 or later <https://gnu.org/licenses/gpl.html>.
This is free software: you are free to change and redistribute it.
There is NO WARRANTY, to the extent permitted by law.

Written by John Gilmore and Jay Fenlason.
LAB_USERSPACE_PASS /usr/gnu/bin/tar --version
LAB_USERSPACE_BEGIN /usr/gnu/bin/find --version
find (GNU findutils) 4.11.0
Copyright (C) 2026 Free Software Foundation, Inc.
License GPLv3+: GNU GPL version 3 or later <https://gnu.org/licenses/gpl.html>.
This is free software: you are free to change and redistribute it.
There is NO WARRANTY, to the extent permitted by law.

Written by Eric B. Decker, James Youngman, Bernhard Voelker,
and Kevin Dalley.
Features enabled: D_TYPE O_NOFOLLOW(enabled) LEAF_OPTIMISATION FTS(FTS_CWDFD) CBO(level=1) 
LAB_USERSPACE_PASS /usr/gnu/bin/find --version
LAB_USERSPACE_BEGIN /usr/gnu/bin/xargs --version
xargs (GNU findutils) 4.11.0
Copyright (C) 2026 Free Software Foundation, Inc.
License GPLv3+: GNU GPL version 3 or later <https://gnu.org/licenses/gpl.html>.
This is free software: you are free to change and redistribute it.
There is NO WARRANTY, to the extent permitted by law.

Written by Eric B. Decker, James Youngman, Bernhard Voelker,
and Kevin Dalley.
LAB_USERSPACE_PASS /usr/gnu/bin/xargs --version
LAB_USERSPACE_BEGIN /usr/gnu/bin/jq --version
jq-
LAB_USERSPACE_PASS /usr/gnu/bin/jq --version
LAB_USERSPACE_BEGIN /usr/gnu/bin/sqlite3 --version
3.42.0 2023-05-16 12:36:15 831d0fb2836b71c9bc51067c49fee4b8f18047814f2ff22d817d25195cf350b0
LAB_USERSPACE_PASS /usr/gnu/bin/sqlite3 --version
LAB_USERSPACE_BEGIN /usr/gnu/bin/socat -V
socat by Gerhard Rieger and contributors - see www.dest-unreach.org
socat version 1.7.3.2 on Aug 31 2026 05:23:15
   running on Linux version #36 SMP PREEMPT Fri Sep 4 10:08:56 UTC 2026, release 4.19.294, machine aarch64
features:
  #define WITH_STDIO 1
  #define WITH_FDNUM 1
  #define WITH_FILE 1
  #define WITH_CREAT 1
  #define WITH_GOPEN 1
  #undef WITH_TERMIOS
  #define WITH_PIPE 1
  #undef WITH_UNIX
  #undef WITH_ABSTRACT_UNIXSOCKET
  #define WITH_IP4 1
  #define WITH_IP6 1
  #define WITH_RAWIP 1
  #define WITH_GENERICSOCKET 1
  #define WITH_INTERFACE 1
  #define WITH_TCP 1
  #define WITH_UDP 1
  #undef WITH_SCTP
  #define WITH_LISTEN 1
  #undef WITH_SOCKS4
  #undef WITH_SOCKS4A
  #undef WITH_PROXY
  #define WITH_SYSTEM 1
  #define WITH_EXEC 1
  #undef WITH_READLINE
  #undef WITH_TUN
  #define WITH_PTY 1
  #undef WITH_OPENSSL
  #undef WITH_FIPS
  #undef WITH_LIBWRAP
  #define WITH_SYCLS 1
  #define WITH_FILAN 1
  #define WITH_RETRY 1
  #define WITH_MSGLEVEL 0 /*debug*/
LAB_USERSPACE_PASS /usr/gnu/bin/socat -V
LAB_USERSPACE_BEGIN /usr/bin/htop --version
htop 3.5.3-3.5.3
LAB_USERSPACE_PASS /usr/bin/htop --version
LAB_USERSPACE_BEGIN /usr/bin/nano --version
 GNU nano, version 9.2
 (C) 2026 the Free Software Foundation and various contributors
 Compiled options: --disable-libmagic --disable-nls --enable-utf8
LAB_USERSPACE_PASS /usr/bin/nano --version
LAB_USERSPACE_BEGIN /usr/bin/iperf3 --version
iperf 3.21 (cJSON 1.7.15)
Linux (none) 4.19.294 #36 SMP PREEMPT Fri Sep 4 10:08:56 UTC 2026 aarch64
Optional features available: CPU affinity setting, IPv6 flow label, TCP congestion algorithm setting, sendfile / zerocopy, socket pacing, bind to device, support IPv4 don't fragment, POSIX threads, GSO/GRO support
LAB_USERSPACE_PASS /usr/bin/iperf3 --version
LAB_USERSPACE_BEGIN /usr/bin/zstd --version
*** Zstandard CLI (64-bit) v1.5.7, by Yann Collet ***
LAB_USERSPACE_PASS /usr/bin/zstd --version
LAB_USERSPACE_BEGIN /usr/sbin/btrfs version
btrfs-progs v7.1
-EXPERIMENTAL -INJECT -STATIC +LZO +ZSTD -UDEV +FSVERITY -ZONED CRYPTO=builtin
LAB_USERSPACE_PASS /usr/sbin/btrfs version
LAB_USERSPACE_BEGIN /usr/sbin/mkfs.xfs -V
mkfs.xfs version 7.1.1
LAB_USERSPACE_PASS /usr/sbin/mkfs.xfs -V
LAB_USERSPACE_BEGIN /usr/sbin/ebtables --version
ebtables v2.0.11 (legacy) (December 2011)
LAB_USERSPACE_PASS /usr/sbin/ebtables --version
LAB_USERSPACE_BEGIN /usr/bin/getconf GNU_LIBC_VERSION
glibc 2.44
LAB_USERSPACE_PASS /usr/bin/getconf GNU_LIBC_VERSION
LAB_USERSPACE_BEGIN /usr/bin/ldd /usr/bin/bash
	linux-vdso.so.1 (0x0000007f96815000)
	libtinfo.so.6 => /usr/lib/aarch64-linux-gnu/libtinfo.so.6 (0x0000007f96780000)
	libc.so.6 => /usr/lib/aarch64-linux-gnu/libc.so.6 (0x0000007f965d0000)
	/lib/ld-linux-aarch64.so.1 (0x0000007f967d8000)
LAB_USERSPACE_PASS /usr/bin/ldd /usr/bin/bash
LAB_USERSPACE_BEGIN /usr/bin/ldd /bin/busybox
	libm.so.6 => /usr/lib/arm-linux-gnueabi/libm.so.6 (0xf7a90000)
	libgcc_s.so.1 => /usr/lib/arm-linux-gnueabi/libgcc_s.so.1 (0xf7a50000)
	libc.so.6 => /usr/lib/arm-linux-gnueabi/libc.so.6 (0xf78c0000)
	/lib/ld-linux.so.3 (0xf7b1d000)
LAB_USERSPACE_PASS /usr/bin/ldd /bin/busybox
LAB_USERSPACE_BEGIN /bin/bash -c test "$BASH_VERSION"; printf "shell-path-ok\n"
shell-path-ok
LAB_USERSPACE_PASS /bin/bash -c test "$BASH_VERSION"; printf "shell-path-ok\n"
LAB_USERSPACE_BEGIN /bin/tar --version
tar (GNU tar) 1.35
Copyright (C) 2023 Free Software Foundation, Inc.
License GPLv3+: GNU GPL version 3 or later <https://gnu.org/licenses/gpl.html>.
This is free software: you are free to change and redistribute it.
There is NO WARRANTY, to the extent permitted by law.

Written by John Gilmore and Jay Fenlason.
LAB_USERSPACE_PASS /bin/tar --version
LAB_USERSPACE_BEGIN /usr/bin/sha256sum /bin/busybox /usr/bin/bash
73cc3ca6beba4672e94053551cc7c5fe2dd92698e580f91a031cbff959600b4e  /bin/busybox
77ef4dd37eda8f3a23a6dc33d9e4cd17d8440d78ab15d8b7dc54f07b3387fdf0  /usr/bin/bash
LAB_USERSPACE_PASS /usr/bin/sha256sum /bin/busybox /usr/bin/bash
LAB_USERSPACE_BEGIN /usr/bin/dropbearmulti dropbear -V
Dropbear v2026.94
LAB_USERSPACE_PASS /usr/bin/dropbearmulti dropbear -V
LAB_USERSPACE_BEGIN /usr/sbin/avahi-daemon --version
avahi-daemon 0.8
LAB_USERSPACE_PASS /usr/sbin/avahi-daemon --version
LAB_USERSPACE_BEGIN /usr/sbin/ip link add labveth0 type veth peer name labveth1
Assigning idx[17] for labveth1
Assigning idx[18] for labveth0
LAB_USERSPACE_PASS /usr/sbin/ip link add labveth0 type veth peer name labveth1
LAB_USERSPACE_BEGIN /usr/sbin/ip link set labveth0 up
IPv6: ADDRCONF(NETDEV_UP): labveth0: link is not ready
LAB_USERSPACE_PASS /usr/sbin/ip link set labveth0 up
LAB_USERSPACE_BEGIN /usr/sbin/ip link set labveth1 up
IPv6: ADDRCONF(NETDEV_UP): labveth1: link is not ready
IPv6: ADDRCONF(NETDEV_CHANGE): labveth1: link becomes ready
IPv6: ADDRCONF(NETDEV_CHANGE): labveth0: link becomes ready
LAB_USERSPACE_PASS /usr/sbin/ip link set labveth1 up
LAB_USERSPACE_BEGIN /usr/sbin/ip link add link labveth0 name labmac0 type macvlan mode bridge
Assigning idx[19] for labmac0
netdev path : labmac0 -> labveth0
LAB_USERSPACE_PASS /usr/sbin/ip link add link labveth0 name labmac0 type macvlan mode bridge
LAB_USERSPACE_BEGIN /usr/sbin/ip link set labmac0 up
device labveth0 entered promiscuous mode
LAB_USERSPACE_PASS /usr/sbin/ip link set labmac0 up
LAB_USERSPACE_BEGIN /usr/sbin/ip -d link show labmac0
19: labmac0@labveth0: <BROADCAST,MULTICAST,UP,LOWER_UP> mtu 1500 qdisc noqueue state UNKNOWN mode DEFAULT group default qlen 1000
    link/ether 32:48:97:a8:7e:09 brd ff:ff:ff:ff:ff:ff promiscuity 0 minmtu 68 maxmtu 65535 
    macvlan mode bridge addrgenmode eui64 numtxqueues 1 numrxqueues 1 gso_max_size 65536 gso_max_segs 65535 
LAB_USERSPACE_PASS /usr/sbin/ip -d link show labmac0
LAB_USERSPACE_BEGIN /usr/sbin/ip link del labmac0
device labveth0 left promiscuous mode
Freeing devid[2067] for labmac0
LAB_USERSPACE_PASS /usr/sbin/ip link del labmac0
LAB_USERSPACE_BEGIN /usr/sbin/ip link del labveth0
Freeing devid[2066] for labveth0
Freeing devid[2065] for labveth1
LAB_USERSPACE_PASS /usr/sbin/ip link del labveth0
LAB_USERSPACE_COMPLETE
LAB_ABI_BEGIN aarch64
LAB_ABI_PASS bits=64 glibc=2.44 hwcap=8ff
LAB_ABI_BEGIN armel
LAB_ABI_PASS bits=32 glibc=2.44 hwcap=37b0d6
LAB_ABI_BEGIN armhf
LAB_ABI_PASS bits=32 glibc=2.44 hwcap=37b0d6
LAB_LINKER_SUMMARY count=312 failed=0
LAB_LIBGCC_BEGIN aarch64
LIBGCC_PROVIDER /usr/lib/aarch64-linux-gnu/libgcc_s.so.1
PASS unwind_backtrace frames=5
PASS libgcc_signed_wide_division
PASS pthread_cancel_forced_unwind_cleanup
LIBGCC_RUNTIME_SMOKE_PASS
LIBGCC_CXX_DSO_EXCEPTION_PASS compiler=16.2.0
LIBSTDCXX_PROVIDER /usr/lib/aarch64-linux-gnu/libstdc++.so.6
LIBSTDCXX_SMOKE_PASS dual_abi=0 compiler=16.2.0
LIBSTDCXX_PROVIDER /usr/lib/aarch64-linux-gnu/libstdc++.so.6
LIBSTDCXX_SMOKE_PASS dual_abi=1 compiler=16.2.0
LAB_LIBGCC_COMPLETE aarch64
LAB_LIBGCC_BEGIN armel
LIBGCC_PROVIDER /usr/lib/arm-linux-gnueabi/libgcc_s.so.1
PASS unwind_backtrace frames=4
PASS libgcc_signed_wide_division
PASS pthread_cancel_forced_unwind_cleanup
LIBGCC_RUNTIME_SMOKE_PASS
LIBGCC_CXX_DSO_EXCEPTION_PASS compiler=15.2.0
LIBSTDCXX_PROVIDER /usr/lib/arm-linux-gnueabi/libstdc++.so.6
LIBSTDCXX_SMOKE_PASS dual_abi=0 compiler=15.2.0
LIBSTDCXX_PROVIDER /usr/lib/arm-linux-gnueabi/libstdc++.so.6
LIBSTDCXX_SMOKE_PASS dual_abi=1 compiler=15.2.0
LAB_LIBGCC_COMPLETE armel
LAB_LIBGCC_BEGIN armhf
LIBGCC_PROVIDER /usr/lib/arm-linux-gnueabihf/libgcc_s.so.1
PASS unwind_backtrace frames=4
PASS libgcc_signed_wide_division
PASS pthread_cancel_forced_unwind_cleanup
LIBGCC_RUNTIME_SMOKE_PASS
LIBGCC_CXX_DSO_EXCEPTION_PASS compiler=15.2.0
LIBSTDCXX_PROVIDER /usr/lib/arm-linux-gnueabihf/libstdc++.so.6
LIBSTDCXX_SMOKE_PASS dual_abi=0 compiler=15.2.0
LIBSTDCXX_PROVIDER /usr/lib/arm-linux-gnueabihf/libstdc++.so.6
LIBSTDCXX_SMOKE_PASS dual_abi=1 compiler=15.2.0
LAB_LIBGCC_COMPLETE armhf
LAB_LIBGCC_BEGIN armel-legacy
LIBGCC_PROVIDER /usr/lib/arm-linux-gnueabi/libgcc_s.so.1
PASS unwind_backtrace frames=4
PASS libgcc_signed_wide_division
PASS pthread_cancel_forced_unwind_cleanup
LIBGCC_RUNTIME_SMOKE_PASS
LIBGCC_CXX_DSO_EXCEPTION_PASS compiler=10.3.0
LIBSTDCXX_PROVIDER /usr/lib/arm-linux-gnueabi/libstdc++.so.6
LIBSTDCXX_SMOKE_PASS dual_abi=0 compiler=10.3.0
LIBSTDCXX_PROVIDER /usr/lib/arm-linux-gnueabi/libstdc++.so.6
LIBSTDCXX_SMOKE_PASS dual_abi=1 compiler=10.3.0
LAB_LIBGCC_COMPLETE armel-legacy
LAB_LIBGCC_BEGIN aarch64-legacy
LIBGCC_PROVIDER /usr/lib/aarch64-linux-gnu/libgcc_s.so.1
PASS unwind_backtrace frames=5
PASS libgcc_signed_wide_division
PASS pthread_cancel_forced_unwind_cleanup
LIBGCC_RUNTIME_SMOKE_PASS
LIBGCC_CXX_DSO_EXCEPTION_PASS compiler=13.3.0
LIBSTDCXX_PROVIDER /usr/lib/aarch64-linux-gnu/libstdc++.so.6
LIBSTDCXX_SMOKE_PASS dual_abi=0 compiler=13.3.0
LIBSTDCXX_PROVIDER /usr/lib/aarch64-linux-gnu/libstdc++.so.6
LIBSTDCXX_SMOKE_PASS dual_abi=1 compiler=13.3.0
LAB_LIBGCC_COMPLETE aarch64-legacy
Syntax OK
Linux strongSwan U5.9.13/K4.19.294
University of Applied Sciences Rapperswil, Switzerland
LAB_LEGACY_PLUGIN_CONSUMERS_PASS
LAB_IDENTITY exe=/usr/sbin/rc result=0 preload_env=absent
LAB_IDENTITY exe=/usr/sbin/rc result=0 preload_env=absent
LAB_USRMERGE_IDENTITY_PASS
raid6_pq: loading out-of-tree module taints kernel.
calling  init_module+0x0/0x1000 [raid6_pq] @ 1031
raid6: int64x1  gen()  2328 MB/s
raid6: int64x1  xor()  1289 MB/s
raid6: int64x2  gen()  3136 MB/s
raid6: int64x2  xor()  1753 MB/s
raid6: int64x4  gen()  3632 MB/s
raid6: int64x4  xor()  2437 MB/s
raid6: int64x8  gen()  3535 MB/s
raid6: int64x8  xor()  1750 MB/s
raid6: neonx1   gen()  2679 MB/s
raid6: neonx1   xor()  1507 MB/s
raid6: neonx2   gen()  4175 MB/s
raid6: neonx2   xor()  2255 MB/s
raid6: neonx4   gen()  4652 MB/s
raid6: neonx4   xor()  2541 MB/s
raid6: neonx8   gen()  3500 MB/s
raid6: neonx8   xor()  2519 MB/s
raid6: using algorithm neonx4 gen() 4652 MB/s
raid6: .... xor() 2541 MB/s, rmw enabled
raid6: using neon recovery algorithm
initcall init_module+0x0/0x1000 [raid6_pq] returned 0 after 265257 usecs
calling  calibrate_xor_blocks+0x0/0xee4 [xor] @ 1032
xor: measuring software checksum speed
   8regs     :  5452.000 MB/sec
   8regs_prefetch:  5300.000 MB/sec
   32regs    :  6536.000 MB/sec
   32regs_prefetch:  6584.000 MB/sec
xor: using function: 32regs_prefetch (6584.000 MB/sec)
initcall calibrate_xor_blocks+0x0/0xee4 [xor] returned 0 after 38832 usecs
calling  init_btrfs_fs+0x0/0x124 [btrfs] @ 1033
Btrfs loaded, crc32c=crc32c-generic
initcall init_btrfs_fs+0x0/0x124 [btrfs] returned 0 after 3801 usecs
LAB_USRMERGE_MODULE_PATHS_PASS
LAB_INIT_GUARD_WITHOUT_CACHE_BEGIN
LEON_DIAG 25.104 BEGIN version=#36 SMP PREEMPT Fri Sep 4 10:08:56 UTC 2026 data_mount=-1 errno=19
LEON_DIAG 25.108 ROOT_SLOT other
LEON_DIAG 25.108 LOGGER_PID 1038
LEON_DIAG 25.109 EXEC_NORMAL_GUARDED_RC
LEON_DIAG 25.111 KERNEL 7,22,0,-;blacklisting initcall bcm_pmc_drv_reg

LEON_DIAG 25.112 KERNEL 7,23,0,-;blacklisting initcall bcm_ubus_drv_init

LEON_DIAG 25.113 KERNEL 7,24,0,-;blacklisting initcall pmc_xrdp_init

LEON_DIAG 25.113 KERNEL 7,25,0,-;blacklisting initcall pmc_wan_initcall

LEON_DIAG 25.113 KERNEL 7,26,0,-;blacklisting initcall bcmbca_vreg_sync_drv_reg

LEON_DIAG 25.114 KERNEL 7,45,24461,-;calling  cpu_suspend_init+0x0/0x58 @ 1

LEON_DIAG 25.114 KERNEL 7,46,24566,-;initcall cpu_suspend_init+0x0/0x58 returned 0 after 0 usecs

LEON_DIAG 25.115 KERNEL 7,47,24693,-;calling  asids_init+0x0/0xe0 @ 1

LEON_DIAG 25.115 KERNEL 7,49,24909,-;initcall asids_init+0x0/0xe0 returned 0 after 976 usecs

LEON_DIAG 25.116 KERNEL 7,50,25000,-;calling  spawn_ksoftirqd+0x0/0x48 @ 1

LEON_DIAG 25.116 KERNEL 7,51,25374,-;initcall spawn_ksoftirqd+0x0/0x48 returned 0 after 0 usecs

LEON_DIAG 25.116 KERNEL 7,52,25470,-;calling  migration_init+0x0/0x4c @ 1

LEON_DIAG 25.116 KERNEL 7,53,25565,-;initcall migration_init+0x0/0x4c returned 0 after 0 usecs

LEON_DIAG 25.117 KERNEL 7,54,25657,-;calling  check_cpu_stall_init+0x0/0x2c @ 1

LEON_DIAG 25.117 KERNEL 7,55,25734,-;initcall check_cpu_stall_init+0x0/0x2c returned 0 after 0 usecs

LEON_DIAG 25.117 KERNEL 7,56,25876,-;calling  srcu_bootup_announce+0x0/0x40 @ 1

LEON_DIAG 25.118 KERNEL 7,58,26021,-;initcall srcu_bootup_announce+0x0/0x40 returned 0 after 0 usecs

LEON_DIAG 25.118 KERNEL 7,59,26122,-;calling  rcu_spawn_gp_kthread+0x0/0x150 @ 1

LEON_DIAG 25.118 KERNEL 7,60,26630,-;initcall rcu_spawn_gp_kthread+0x0/0x150 returned 0 after 0 usecs

LEON_DIAG 25.119 KERNEL 7,61,26734,-;calling  cpu_stop_init+0x0/0xb4 @ 1

LEON_DIAG 25.119 KERNEL 7,62,27434,-;initcall cpu_stop_init+0x0/0xb4 returned 0 after 976 usecs

LEON_DIAG 25.119 KERNEL 7,63,27531,-;calling  init_zero_pfn+0x0/0x28 @ 1

LEON_DIAG 25.120 KERNEL 7,64,27595,-;initcall init_zero_pfn+0x0/0x28 returned 0 after 0 usecs

LEON_DIAG 25.120 KERNEL 7,65,27686,-;calling  its_pmsi_init+0x0/0x154 @ 1

LEON_DIAG 25.120 KERNEL 7,66,27802,-;initcall its_pmsi_init+0x0/0x154 returned 0 after 0 usecs

LEON_DIAG 25.121 KERNEL 7,67,27898,-;calling  its_pci_msi_init+0x0/0x154 @ 1

LEON_DIAG 25.121 KERNEL 7,68,28034,-;initcall its_pci_msi_init+0x0/0x154 returned 0 after 0 usecs

LEON_DIAG 25.122 KERNEL 7,69,28155,-;calling  dummy_timer_register+0x0/0x34 @ 1

LEON_DIAG 25.122 KERNEL 7,70,28268,-;initcall dummy_timer_register+0x0/0x34 returned 0 after 0 usecs

LEON_DIAG 25.122 KERNEL 7,71,28372,-;calling  bcm_arch_early_init+0x0/0xb4 @ 1

LEON_DIAG 25.123 KERNEL 7,80,29923,-;initcall bcm_arch_early_init+0x0/0xb4 returned 0 after 976 usecs

LEON_DIAG 25.123 KERNEL 7,81,30031,-;calling  initialize_ptr_random+0x0/0xb0 @ 1

LEON_DIAG 25.124 KERNEL 7,82,30200,-;initcall initialize_ptr_random+0x0/0xb0 returned 0 after 0 usecs

LEON_DIAG 25.124 KERNEL 7,93,63867,-;calling  ipc_ns_init+0x0/0x3c @ 1

LEON_DIAG 25.125 KERNEL 7,94,64202,-;initcall ipc_ns_init+0x0/0x3c returned 0 after 976 usecs

LEON_DIAG 25.125 KERNEL 7,95,64305,-;calling  init_mmap_min_addr+0x0/0x18 @ 1

LEON_DIAG 25.125 KERNEL 7,96,64378,-;initcall init_mmap_min_addr+0x0/0x18 returned 0 after 0 usecs

LEON_DIAG 25.126 KERNEL 7,97,64479,-;calling  pci_realloc_setup_params+0x0/0x3c @ 1

LEON_DIAG 25.126 KERNEL 7,98,64565,-;initcall pci_realloc_setup_params+0x0/0x3c returned 0 after 0 usecs

LEON_DIAG 25.127 KERNEL 7,99,64675,-;calling  net_ns_init+0x0/0x13c @ 1

LEON_DIAG 25.127 KERNEL 7,100,65896,-;initcall net_ns_init+0x0/0x13c returned 0 after 976 usecs

LEON_DIAG 25.127 KERNEL 7,101,66092,-;calling  fpsimd_init+0x0/0xd8 @ 1

LEON_DIAG 25.127 KERNEL 7,102,66216,-;initcall fpsimd_init+0x0/0xd8 returned 0 after 0 usecs

LEON_DIAG 25.128 KERNEL 7,103,66342,-;calling  enable_mrs_emulation+0x0/0x24 @ 1

LEON_DIAG 25.128 KERNEL 7,104,66445,-;initcall enable_mrs_emulation+0x0/0x24 returned 0 after 0 usecs

LEON_DIAG 25.129 KERNEL 7,105,66549,-;calling  map_entry_trampoline+0x0/0x1e4 @ 1

LEON_DIAG 25.129 KERNEL 7,106,67059,-;initcall map_entry_trampoline+0x0/0x1e4 returned 0 after 0 usecs

LEON_DIAG 25.129 KERNEL 7,107,67244,-;calling  wq_sysfs_init+0x0/0x40 @ 1

LEON_DIAG 25.130 KERNEL 7,108,67519,-;initcall wq_sysfs_init+0x0/0x40 returned 0 after 976 usecs

LEON_DIAG 25.130 KERNEL 7,109,67617,-;calling  ksysfs_init+0x0/0xb4 @ 1

LEON_DIAG 25.130 KERNEL 7,110,67750,-;initcall ksysfs_init+0x0/0xb4 returned 0 after 0 usecs

LEON_DIAG 25.131 KERNEL 7,111,67841,-;calling  rcu_set_runtime_mode+0x0/0x14 @ 1

LEON_DIAG 25.131 KERNEL 7,112,67922,-;initcall rcu_set_runtime_mode+0x0/0x14 returned 0 after 0 usecs

LEON_DIAG 25.131 KERNEL 7,113,68026,-;calling  rcu_spawn_tasks_kthread+0x0/0x58 @ 1

LEON_DIAG 25.132 KERNEL 7,114,68348,-;initcall rcu_spawn_tasks_kthread+0x0/0x58 returned 0 after 0 usecs

LEON_DIAG 25.132 KERNEL 7,115,68736,-;calling  dma_init_reserved_memory+0x0/0x64 @ 1

LEON_DIAG 25.132 KERNEL 7,116,68866,-;initcall dma_init_reserved_memory+0x0/0x64 returned -12 after 0 usecs

LEON_DIAG 25.133 KERNEL 7,117,68990,-;calling  init_jiffies_clocksource+0x0/0x24 @ 1

LEON_TRIAL: blocked automatic boot metadata write: commit
LEON_DIAG 25.133 KERNEL 7,119,69291,-;initcall init_jiffies_clocksource+0x0/0x24 returned 0 after 0 usecs
LEON_TRIAL: blocked automatic boot metadata write: commit

LEON_TRIAL: blocked automatic boot metadata write: setBootImageState
LEON_DIAG 25.134 KERNEL 7,120,69457,-;calling  futex_init+0x0/0x128 @ 1
LEON_TRIAL: blocked automatic boot metadata write: setImgValidStatus

LEON_TRIAL: blocked automatic boot metadata write: setImgSeqNum
LEON_TRIAL: blocked automatic boot metadata write: setNandMetadata
LEON_TRIAL: blocked automatic boot metadata write: setEmmcMetadata
LEON_DIAG 25.135 KERNEL 7,122,69872,-;initcall futex_init+0x0/0x128 returned 0 after 976 usecs

LEON_DIAG 25.135 KERNEL 7,123,69969,-;calling  cgroup_wq_init+0x0/0x40 @ 1

LEON_DIAG 25.136 KERNEL 7,124,70077,-;initcall cgroup_wq_init+0x0/0x40 returned 0 after 0 usecs

LEON_DIAG 25.136 KERNEL 7,125,70171,-;calling  cgroup1_wq_init+0x0/0x40 @ 1

LEON_DIAG 25.136 KERNEL 7,126,70250,-;initcall cgroup1_wq_init+0x0/0x40 returned 0 after 0 usecs

LEON_DIAG 25.137 KERNEL 7,127,70347,-;calling  cma_init_reserved_areas+0x0/0x1a4 @ 1

LEON_DIAG 25.137 KERNEL 7,128,70476,-;initcall cma_init_reserved_areas+0x0/0x1a4 returned 0 after 0 usecs

LEON_DIAG 25.138 KERNEL 7,129,70609,-;calling  fsnotify_init+0x0/0x58 @ 1

LEON_DIAG 25.138 KERNEL 7,130,71015,-;initcall fsnotify_init+0x0/0x58 returned 0 after 976 usecs

LEON_DIAG 25.138 KERNEL 7,131,71112,-;calling  filelock_init+0x0/0xbc @ 1

LEON_DIAG 25.139 KERNEL 7,132,71227,-;initcall filelock_init+0x0/0xbc returned 0 after 0 usecs

LEON_DIAG 25.139 KERNEL 7,133,71321,-;calling  init_script_binfmt+0x0/0x24 @ 1

LEON_DIAG 25.139 KERNEL 7,134,71445,-;initcall init_script_binfmt+0x0/0x24 returned 0 after 0 usecs

LEON_DIAG 25.140 KERNEL 7,135,71578,-;calling  init_elf_binfmt+0x0/0x24 @ 1

LEON_DIAG 25.140 KERNEL 7,136,71651,-;initcall init_elf_binfmt+0x0/0x24 returned 0 after 0 usecs

LEON_DIAG 25.140 KERNEL 7,137,72010,-;calling  init_compat_elf_binfmt+0x0/0x24 @ 1

LEON_DIAG 25.141 KERNEL 7,138,72123,-;initcall init_compat_elf_binfmt+0x0/0x24 returned 0 after 0 usecs

LEON_DIAG 25.141 KERNEL 7,139,72229,-;calling  configfs_init+0x0/0xb4 @ 1

LEON_DIAG 25.141 KERNEL 7,140,72392,-;initcall configfs_init+0x0/0xb4 returned 0 after 0 usecs

LEON_DIAG 25.142 KERNEL 7,141,72485,-;calling  debugfs_init+0x0/0x74 @ 1

LEON_DIAG 25.142 KERNEL 7,142,72571,-;initcall debugfs_init+0x0/0x74 returned 0 after 0 usecs

LEON_DIAG 25.143 KERNEL 7,143,72665,-;calling  prandom_init_early+0x0/0x120 @ 1

LEON_DIAG 25.143 KERNEL 7,144,73090,-;initcall prandom_init_early+0x0/0x120 returned 0 after 976 usecs

LEON_DIAG 25.143 KERNEL 7,145,73207,-;calling  pinctrl_init+0x0/0xc0 @ 1

LEON_DIAG 25.144 KERNEL 7,147,74505,-;initcall pinctrl_init+0x0/0xc0 returned 0 after 976 usecs

LEON_DIAG 25.144 KERNEL 7,148,74605,-;calling  gpiolib_dev_init+0x0/0xec @ 1

LEON_DIAG 25.144 KERNEL 7,149,74828,-;initcall gpiolib_dev_init+0x0/0xec returned 0 after 0 usecs

LEON_DIAG 25.145 KERNEL 7,150,74932,-;calling  regulator_init+0x0/0xb0 @ 1

LEON_DIAG 25.145 KERNEL 7,152,78610,-;initcall regulator_init+0x0/0xb0 returned 0 after 3906 usecs

LEON_DIAG 25.145 KERNEL 7,153,78734,-;calling  component_debug_init+0x0/0x30 @ 1

LEON_DIAG 25.146 KERNEL 7,154,78828,-;initcall component_debug_init+0x0/0x30 returned 0 after 0 usecs

LEON_DIAG 25.146 KERNEL 7,155,78939,-;calling  free_raw_capacity+0x0/0x30 @ 1

LEON_DIAG 25.146 KERNEL 7,156,79017,-;initcall free_raw_capacity+0x0/0x30 returned 0 after 0 usecs

LEON_DIAG 25.147 KERNEL 7,157,79165,-;calling  cpuidle_init+0x0/0x58 @ 1

LEON_DIAG 25.147 KERNEL 7,158,79402,-;initcall cpuidle_init+0x0/0x58 returned 0 after 0 usecs

LEON_DIAG 25.147 KERNEL 7,159,79493,-;calling  sock_init+0x0/0xb0 @ 1

LEON_DIAG 25.148 KERNEL 7,162,80325,-;initcall sock_init+0x0/0xb0 returned 0 after 976 usecs

LEON_DIAG 25.148 KERNEL 7,163,80419,-;calling  net_inuse_init+0x0/0x30 @ 1

LEON_DIAG 25.149 KERNEL 7,164,80516,-;initcall net_inuse_init+0x0/0x30 returned 0 after 0 usecs

LEON_DIAG 25.149 KERNEL 7,165,80610,-;calling  net_defaults_init+0x0/0x30 @ 1

LEON_DIAG 25.149 KERNEL 7,166,80692,-;initcall net_defaults_init+0x0/0x30 returned 0 after 0 usecs

LEON_DIAG 25.149 KERNEL 7,167,80790,-;calling  init_default_flow_dissectors+0x0/0x54 @ 1

LEON_DIAG 25.150 KERNEL 7,168,80944,-;initcall init_default_flow_dissectors+0x0/0x54 returned 0 after 0 usecs

LEON_DIAG 25.150 KERNEL 7,169,81058,-;calling  netlink_proto_init+0x0/0x168 @ 1

LEON_DIAG 25.151 KERNEL 7,171,82207,-;initcall netlink_proto_init+0x0/0x168 returned 0 after 976 usecs

LEON_DIAG 25.151 KERNEL 7,172,82393,-;calling  bcm_otp_drv_reg+0x0/0x50 @ 1

LEON_DIAG 25.151 KERNEL 7,175,82769,-;initcall bcm_otp_drv_reg+0x0/0x50 returned 0 after 0 usecs

LEON_DIAG 25.152 KERNEL 7,176,82866,-;calling  bcm_strap_drv_reg+0x0/0x194 @ 1

LEON_DIAG 25.152 KERNEL 7,180,83561,-;initcall bcm_strap_drv_reg+0x0/0x194 returned 0 after 976 usecs

LEON_DIAG 25.152 KERNEL 7,181,83721,-;calling  debug_monitors_init+0x0/0x40 @ 1

LEON_DIAG 25.153 KERNEL 7,182,84454,-;initcall debug_monitors_init+0x0/0x40 returned 0 after 976 usecs

LEON_DIAG 25.153 KERNEL 7,183,84566,-;calling  irq_sysfs_init+0x0/0xe8 @ 1

LEON_DIAG 25.153 KERNEL 7,184,84760,-;initcall irq_sysfs_init+0x0/0xe8 returned 0 after 0 usecs

LEON_DIAG 25.154 KERNEL 7,185,84859,-;calling  init_per_zone_wmark_min+0x0/0x80 @ 1

LEON_DIAG 25.154 KERNEL 7,186,85225,-;initcall init_per_zone_wmark_min+0x0/0x80 returned 0 after 0 usecs

LEON_DIAG 25.154 KERNEL 7,187,85333,-;calling  bdi_class_init+0x0/0x68 @ 1

LEON_DIAG 25.155 KERNEL 7,188,85514,-;initcall bdi_class_init+0x0/0x68 returned 0 after 976 usecs

LEON_DIAG 25.155 KERNEL 7,189,85654,-;calling  mm_sysfs_init+0x0/0x38 @ 1

LEON_DIAG 25.155 KERNEL 7,190,85732,-;initcall mm_sysfs_init+0x0/0x38 returned 0 after 0 usecs

LEON_DIAG 25.156 KERNEL 7,191,85824,-;calling  gpiolib_sysfs_init+0x0/0xb0 @ 1

LEON_DIAG 25.156 KERNEL 7,192,85937,-;initcall gpiolib_sysfs_init+0x0/0xb0 returned 0 after 0 usecs

LEON_DIAG 25.156 KERNEL 7,193,86038,-;calling  pcibus_class_init+0x0/0x24 @ 1

LEON_DIAG 25.157 KERNEL 7,194,86122,-;initcall pcibus_class_init+0x0/0x24 returned 0 after 0 usecs

LEON_DIAG 25.157 KERNEL 7,195,86220,-;calling  pci_driver_init+0x0/0x34 @ 1

LEON_DIAG 25.157 KERNEL 7,196,86335,-;initcall pci_driver_init+0x0/0x34 returned 0 after 0 usecs

LEON_DIAG 25.158 KERNEL 7,197,86431,-;calling  amba_init+0x0/0x1c @ 1

LEON_DIAG 25.158 KERNEL 7,198,86544,-;initcall amba_init+0x0/0x1c returned 0 after 0 usecs

LEON_DIAG 25.159 KERNEL 7,199,86631,-;calling  tty_class_init+0x0/0x50 @ 1

LAB_PASS trial_init_argv0_metadata_write_guard_and_no_exec_inheritance
LEON_DIAG 25.161 MODULE_LOADED btrfs
QEMU_USRMERGE_COMPLETE
LEON_DIAG 25.161 MODULE_LOADED xor
LEON_DIAG 25.161 MODULE_LOADED raid6_pq
UBIFS error (pid: 1): cannot open "ubi:data", error -19
alarmtimer alarmtimer: shutdown
uart-pl011 9000000.pl011: shutdown
reg-dummy reg-dummy: shutdown
reboot: Power down
