2.034 BEGIN version=#36 SMP PREEMPT Fri Sep 4 10:08:56 UTC 2026 data_mount=0 errno=0
2.036 ROOT_SLOT 1
2.038 LOGGER_PID 130
2.039 PID1_WAIT 0
2.040 EXEC_NORMAL_GUARDED_RC
3.045 PID1_WAIT do_wait
5.854 MODULE_LOADED bcm_knvram
9.869 MODULE_LOADED bcm_mpm
9.885 MODULE_LOADED rdpa_gpl
9.894 MODULE_LOADED bdmf
9.899 MODULE_LOADED bcmlibs
9.915 MODULE_LOADING /lib/modules/4.19.294/extra/bcm_mpm.ko
10.117 MODULE_LOADED rdpa_gpl_ext
10.124 MODULE_LOADED bcmvlan
10.128 MODULE_LOADED bcm_bpm
10.130 MODULE_LOADING /lib/modules/4.19.294/extra/rdpa.ko
10.543 MODULE_LOADED rdpa_mw
10.558 MODULE_LOADED rdpa_usr
10.570 MODULE_LOADED rdpa
10.596 MODULE_LOADING /lib/modules/4.19.294/extra/rdpa_mw.ko
10.808 MODULE_LOADED bcm_ingqos
10.810 MODULE_LOADED bcm_bp3drv
10.813 MODULE_LOADING /lib/modules/4.19.294/extra/pktflow.ko
11.015 MODULE_LOADED pktflow
11.019 MODULE_LOADING /lib/modules/4.19.294/extra/cmdlist.ko
11.221 MODULE_LOADED bcm_enet
11.222 MODULE_LOADED sw_gso
11.231 MODULE_LOADED gdx
11.232 MODULE_LOADED cmdlist
11.237 MODULE_LOADING /lib/modules/4.19.294/extra/bcm_enet.ko
22.282 MODULE_LOADED pktrunner
22.288 MODULE_LOADED rdpa_cmd
22.290 MODULE_LOADED pcap
22.299 MODULE_LOADING /lib/modules/4.19.294/extra/bcmmcast.ko
22.504 MODULE_LOADED bcm_pcie_hcd
22.506 MODULE_LOADED bcmmcast
22.508 MODULE_LOADING /lib/modules/4.19.294/extra/bcm_pcie_hcd.ko
25.124 MODULE_LOADED bcm_thermal
25.135 MODULE_LOADED bcmspu
25.142 MODULE_LOADED bcmflex
25.144 MODULE_LOADED hs_uart_drv
25.145 MODULE_LOADED wfd
27.370 PID1_WAIT hrtimer_nanosleep
29.379 PID1_WAIT do_wait
31.390 PID1_WAIT __wait_on_buffer
32.399 PID1_WAIT 0
33.606 MODULE_LOADED xt_SKIPLOG
34.413 PID1_WAIT do_wait
34.816 MODULE_LOADED rtl8372
39.034 MODULE_LOADED igs
39.047 MODULE_LOADED emf
39.051 MODULE_LOADED hnd
39.058 MODULE_LOADED cfg80211
39.060 MODULE_LOADED firmware_class
39.061 MODULE_LOADED wlshared
39.272 MODULE_LOADED dhd
61.419 MODULE_LOADED nf_nat_ftp
61.421 MODULE_LOADED nf_conntrack_ftp
61.625 MODULE_LOADED xt_scs
61.626 MODULE_LOADED xt_mscs
61.629 PID1_WAIT 0
62.034 MODULE_LOADED ohci_pci
62.044 MODULE_LOADED ohci_platform
62.047 MODULE_LOADED ohci_hcd
62.049 MODULE_LOADED ehci_pci
62.050 MODULE_LOADED ehci_platform
62.052 MODULE_LOADED ehci_hcd
62.054 MODULE_LOADED xhci_pci
62.060 MODULE_LOADED xhci_plat_hcd
62.061 MODULE_LOADED xhci_hcd
62.063 MODULE_LOADED bcm_bca_usb
62.065 MODULE_LOADED usbcore
62.066 MODULE_LOADED usb_common
62.270 MODULE_LOADED ipheth
62.272 MODULE_LOADED qmi_wwan
62.273 MODULE_LOADED cdc_wdm
62.275 MODULE_LOADED cdc_ncm
62.277 MODULE_LOADED rndis_host
62.278 MODULE_LOADED cdc_ether
62.280 MODULE_LOADED ax88179_178a
62.281 MODULE_LOADED asix
62.283 MODULE_LOADED cdc_acm
62.285 MODULE_LOADED usbnet
62.286 MODULE_LOADED mii
62.691 MODULE_LOADED bonding
62.693 MODULE_LOADED usblp
62.696 PID1_WAIT do_wait
66.729 PID1_WAIT dhd_os_ioctl_resp_wait
67.739 PID1_WAIT do_wait
79.860 PID1_WAIT hrtimer_nanosleep
83.892 PID1_WAIT do_wait
84.902 PID1_WAIT hrtimer_nanosleep
110.108 PID1_WAIT do_wait
111.522 MODULE_LOADED xfrm_user
111.525 MODULE_LOADED xfrm4_tunnel
111.532 MODULE_LOADED ipcomp
111.534 MODULE_LOADED esp4
111.536 MODULE_LOADED ah4
121.248 PID1_WAIT hrtimer_nanosleep
123.271 PID1_WAIT do_wait
123.476 MODULE_LOADED wireguard
124.289 PID1_WAIT hrtimer_nanosleep
125.100 MODULE_LOADED tntfs
125.102 MODULE_LOADED tfat
125.104 MODULE_LOADED nls_cp437
125.105 MODULE_LOADED uas
125.107 MODULE_LOADED usb_storage
125.108 MODULE_LOADED sg
125.113 MODULE_LOADED sd_mod
125.115 MODULE_LOADED scsi_mod
125.320 MODULE_LOADED thfsplus
125.326 PID1_WAIT pipe_wait
125.748 MODULE_LOADED tun
126.365 PID1_WAIT do_sigtimedwait
129.808 MODULE_LOADED raid6_pq
129.810 MODULE_LOADED xor
130.217 MODULE_LOADED btrfs
130.432 MODULE_LOADED zsmalloc
131.454 PID1_WAIT hrtimer_nanosleep
133.491 PID1_WAIT do_wait
134.512 PID1_WAIT do_sigtimedwait
152.859 PID1_WAIT 0
153.883 PID1_WAIT do_sigtimedwait
290.573 MODULE_LOADED overlay
290.575 MODULE_LOADED exportfs
295.272 PID1_WAIT 0
296.295 PID1_WAIT do_sigtimedwait
306.464 LOGGER_DONE
