baseline.sha256: OK
bin/cxx-aarch64-abi0: OK
bin/cxx-aarch64-abi1: OK
bin/cxx-aarch64-legacy-abi0: OK
bin/cxx-aarch64-legacy-abi1: OK
bin/cxx-armel-abi0: OK
bin/cxx-armel-abi1: OK
bin/cxx-armel-legacy-abi0: OK
bin/cxx-armel-legacy-abi1: OK
bin/cxx-armhf-abi0: OK
bin/cxx-armhf-abi1: OK
bin/exception-aarch64: OK
bin/exception-aarch64-legacy: OK
bin/exception-armel: OK
bin/exception-armel-legacy: OK
bin/exception-armhf: OK
bin/library-probe: OK
bin/runtime-aarch64: OK
bin/runtime-aarch64-legacy: OK
bin/runtime-armel: OK
bin/runtime-armel-legacy: OK
bin/runtime-armhf: OK
bin/throw-aarch64-legacy.so: OK
bin/throw-aarch64.so: OK
bin/throw-armel-legacy.so: OK
bin/throw-armel.so: OK
bin/throw-armhf.so: OK
live-isolated.bash: OK
runtime/aarch64-linux-gnu/libgcc_s.so.1: OK
runtime/aarch64-linux-gnu/libstdc++.so.6: OK
runtime/aarch64-linux-gnu/libstdc++.so.6.0.36: OK
runtime/arm-linux-gnueabi/libcap-ng.so.0.0.0: OK
runtime/arm-linux-gnueabi/libexpat.so.1.5.2: OK
runtime/arm-linux-gnueabi/libgcc_s.so.1: OK
runtime/arm-linux-gnueabi/libjson-c.so.2.0.2: OK
runtime/arm-linux-gnueabi/libstdc++.so.6: OK
runtime/arm-linux-gnueabi/libstdc++.so.6.0.34: OK
runtime/arm-linux-gnueabi/libz.so.1: OK
runtime/arm-linux-gnueabihf/libgcc_s.so.1: OK
runtime/arm-linux-gnueabihf/libstdc++.so.6: OK
runtime/arm-linux-gnueabihf/libstdc++.so.6.0.34: OK
/usr/lib/aarch64-linux-gnu/ld-linux-aarch64.so.1: OK
/usr/lib/aarch64-linux-gnu/libBrokenLocale.so.1: OK
/usr/lib/aarch64-linux-gnu/libacl.so.1.1.2302: OK
/usr/lib/aarch64-linux-gnu/libanl.so.1: OK
/usr/lib/aarch64-linux-gnu/libatomic.so.1.2.0: OK
/usr/lib/aarch64-linux-gnu/libblkid.so.1.1.0: OK
/usr/lib/aarch64-linux-gnu/libc.so.6: OK
/usr/lib/aarch64-linux-gnu/libc_malloc_debug.so.0: OK
/usr/lib/aarch64-linux-gnu/libcrypt.so.1.1.0: OK
/usr/lib/aarch64-linux-gnu/libdl.so.2: OK
/usr/lib/aarch64-linux-gnu/libebtc.so.0.0.0: OK
/usr/lib/aarch64-linux-gnu/libgcc_s.so.1: OK
/usr/lib/aarch64-linux-gnu/libgomp.so.1.0.0: OK
/usr/lib/aarch64-linux-gnu/libinih.so.1.0.0: OK
/usr/lib/aarch64-linux-gnu/liblzo2.so.2.0.0: OK
/usr/lib/aarch64-linux-gnu/libm.so.6: OK
/usr/lib/aarch64-linux-gnu/libmemusage.so: OK
/usr/lib/aarch64-linux-gnu/libmount.so.1.1.0: OK
/usr/lib/aarch64-linux-gnu/libmvec.so.1: OK
/usr/lib/aarch64-linux-gnu/libncursesw.so.6.6: OK
/usr/lib/aarch64-linux-gnu/libnsl.so.1: OK
/usr/lib/aarch64-linux-gnu/libnss_compat.so.2: OK
/usr/lib/aarch64-linux-gnu/libnss_db.so.2: OK
/usr/lib/aarch64-linux-gnu/libnss_dns.so.2: OK
/usr/lib/aarch64-linux-gnu/libnss_files.so.2: OK
/usr/lib/aarch64-linux-gnu/libnss_hesiod.so.2: OK
/usr/lib/aarch64-linux-gnu/libpcprofile.so: OK
/usr/lib/aarch64-linux-gnu/libpthread.so.0: OK
/usr/lib/aarch64-linux-gnu/libresolv.so.2: OK
/usr/lib/aarch64-linux-gnu/librt.so.1: OK
/usr/lib/aarch64-linux-gnu/libstdc++.so.6.0.36: OK
/usr/lib/aarch64-linux-gnu/libthread_db.so.1: OK
/usr/lib/aarch64-linux-gnu/libtinfo.so.6.6: OK
/usr/lib/aarch64-linux-gnu/liburcu-bp.so.8.1.0: OK
/usr/lib/aarch64-linux-gnu/liburcu-cds.so.8.1.0: OK
/usr/lib/aarch64-linux-gnu/liburcu-common.so.8.1.0: OK
/usr/lib/aarch64-linux-gnu/liburcu-mb.so.8.1.0: OK
/usr/lib/aarch64-linux-gnu/liburcu-memb.so.8.1.0: OK
/usr/lib/aarch64-linux-gnu/liburcu-qsbr.so.8.1.0: OK
/usr/lib/aarch64-linux-gnu/liburcu.so.8.1.0: OK
/usr/lib/aarch64-linux-gnu/libutil.so.1: OK
/usr/lib/aarch64-linux-gnu/libuuid.so.1.3.0: OK
/usr/lib/aarch64-linux-gnu/libz.so.1.3.2: OK
/usr/lib/aarch64-linux-gnu/libzstd.so.1.5.7: OK
/usr/lib/arm-linux-gnueabi/ld-linux.so.3: OK
/usr/lib/arm-linux-gnueabi/leon-trial-bootguard.so: OK
/usr/lib/arm-linux-gnueabi/libBrokenLocale.so.1: OK
/usr/lib/arm-linux-gnueabi/libFLAC.so.8: OK
/usr/lib/arm-linux-gnueabi/libamas-utils.so: OK
/usr/lib/arm-linux-gnueabi/libanl.so.1: OK
/usr/lib/arm-linux-gnueabi/libarcher.so: OK
/usr/lib/arm-linux-gnueabi/libasc.so: OK
/usr/lib/arm-linux-gnueabi/libasd.so: OK
/usr/lib/arm-linux-gnueabi/libasuslog.so: OK
/usr/lib/arm-linux-gnueabi/libasusnatnl.so: OK
/usr/lib/arm-linux-gnueabi/libatalk.so.6.0.0: OK
/usr/lib/arm-linux-gnueabi/libavahi-common.so.3.5.4: OK
/usr/lib/arm-linux-gnueabi/libavahi-core.so.7.1.0: OK
/usr/lib/arm-linux-gnueabi/libavcodec.so.58: OK
/usr/lib/arm-linux-gnueabi/libavformat.so.58: OK
/usr/lib/arm-linux-gnueabi/libavutil.so.56: OK
/usr/lib/arm-linux-gnueabi/libawsiot_ipc.so: OK
/usr/lib/arm-linux-gnueabi/libbcm.so: OK
/usr/lib/arm-linux-gnueabi/libbcm_boardctl.so: OK
/usr/lib/arm-linux-gnueabi/libbcm_flashutil.so: OK
/usr/lib/arm-linux-gnueabi/libbcm_util.so: OK
/usr/lib/arm-linux-gnueabi/libbcmcrypto.so: OK
/usr/lib/arm-linux-gnueabi/libbcmmcast.so: OK
/usr/lib/arm-linux-gnueabi/libbdmf.so: OK
/usr/lib/arm-linux-gnueabi/libblkid.so.1.0: OK
/usr/lib/arm-linux-gnueabi/libblobmsg_json.so: OK
/usr/lib/arm-linux-gnueabi/libblogctl.so: OK
/usr/lib/arm-linux-gnueabi/libbp3hal.so: OK
/usr/lib/arm-linux-gnueabi/libbridgeutil.so: OK
/usr/lib/arm-linux-gnueabi/libbwdpi.so: OK
/usr/lib/arm-linux-gnueabi/libbwdpi_sql.so: OK
/usr/lib/arm-linux-gnueabi/libc.so.6: OK
/usr/lib/arm-linux-gnueabi/libc_malloc_debug.so.0: OK
/usr/lib/arm-linux-gnueabi/libcap-ng.so.0.0.0: OK
/usr/lib/arm-linux-gnueabi/libceshared.so: OK
/usr/lib/arm-linux-gnueabi/libcfgmnt.so: OK
/usr/lib/arm-linux-gnueabi/libcjson.so.1.7.13: OK
/usr/lib/arm-linux-gnueabi/libcodb.so: OK
/usr/lib/arm-linux-gnueabi/libcom_err.so.2.1: OK
/usr/lib/arm-linux-gnueabi/libconn_diag.so: OK
/usr/lib/arm-linux-gnueabi/libcrypt.so.1: OK
/usr/lib/arm-linux-gnueabi/libcrypto.so.1.1: OK
/usr/lib/arm-linux-gnueabi/libcurl.so.4.8.0: OK
/usr/lib/arm-linux-gnueabi/libdaemon.so.0.5.0: OK
/usr/lib/arm-linux-gnueabi/libdb-4.8.so: OK
/usr/lib/arm-linux-gnueabi/libdisk.so: OK
/usr/lib/arm-linux-gnueabi/libdl.so.2: OK
/usr/lib/arm-linux-gnueabi/libdns_app_client.so: OK
/usr/lib/arm-linux-gnueabi/libdrop_ambient.so.0.0.0: OK
/usr/lib/arm-linux-gnueabi/libe2p.so.2.3: OK
/usr/lib/arm-linux-gnueabi/libethctl.so: OK
/usr/lib/arm-linux-gnueabi/libethswctl.so: OK
/usr/lib/arm-linux-gnueabi/libev.so.4.0.0: OK
/usr/lib/arm-linux-gnueabi/libevent-2.0.so.5: OK
/usr/lib/arm-linux-gnueabi/libexif.so.12: OK
/usr/lib/arm-linux-gnueabi/libexpat.so.1.5.2: OK
/usr/lib/arm-linux-gnueabi/libext2fs.so.2.4: OK
/usr/lib/arm-linux-gnueabi/libfcctl.so: OK
/usr/lib/arm-linux-gnueabi/libfdt-1.7.0.so: OK
/usr/lib/arm-linux-gnueabi/libgcc_s.so.1: OK
/usr/lib/arm-linux-gnueabi/libgcrypt.so.11.8.0: OK
/usr/lib/arm-linux-gnueabi/libgdbm.so.3.0.0: OK
/usr/lib/arm-linux-gnueabi/libgen_util.so: OK
/usr/lib/arm-linux-gnueabi/libgpg-error.so.0.8.0: OK
/usr/lib/arm-linux-gnueabi/libhttpdshared.so: OK
/usr/lib/arm-linux-gnueabi/libiconv.so.2.5.1: OK
/usr/lib/arm-linux-gnueabi/libid3tag.so.0: OK
/usr/lib/arm-linux-gnueabi/libip4tc.so: OK
/usr/lib/arm-linux-gnueabi/libip6tc.so: OK
/usr/lib/arm-linux-gnueabi/libipaddr.so: OK
/usr/lib/arm-linux-gnueabi/libipset.so.13.1.0: OK
/usr/lib/arm-linux-gnueabi/libiptc.so: OK
/usr/lib/arm-linux-gnueabi/libiqctl.so: OK
/usr/lib/arm-linux-gnueabi/libjansson.so: OK
/usr/lib/arm-linux-gnueabi/libjpeg.so: OK
/usr/lib/arm-linux-gnueabi/libjq.so.1.0.4: OK
/usr/lib/arm-linux-gnueabi/libjson-c.so.2.0.2: OK
/usr/lib/arm-linux-gnueabi/libletsencrypt.so: OK
/usr/lib/arm-linux-gnueabi/liblightsql.so: OK
/usr/lib/arm-linux-gnueabi/liblldpctl.so.4.8.0: OK
/usr/lib/arm-linux-gnueabi/liblz4.so.1.9.2: OK
/usr/lib/arm-linux-gnueabi/liblzo2.so.2: OK
/usr/lib/arm-linux-gnueabi/libm.so.6: OK
/usr/lib/arm-linux-gnueabi/libmemusage.so: OK
/usr/lib/arm-linux-gnueabi/libmnl.so.0.2.0: OK
/usr/lib/arm-linux-gnueabi/libmssl.so: OK
/usr/lib/arm-linux-gnueabi/libneon.so.27.3.2: OK
/usr/lib/arm-linux-gnueabi/libnetfilter_conntrack.so.3: OK
/usr/lib/arm-linux-gnueabi/libnetfilter_cttimeout.so.1: OK
/usr/lib/arm-linux-gnueabi/libnetfilter_queue.so.1: OK
/usr/lib/arm-linux-gnueabi/libnetsnmp.so.35.0.0: OK
/usr/lib/arm-linux-gnueabi/libnetsnmpagent.so.35.0.0: OK
/usr/lib/arm-linux-gnueabi/libnetsnmphelpers.so.35.0.0: OK
/usr/lib/arm-linux-gnueabi/libnetsnmpmibs.so.35.0.0: OK
/usr/lib/arm-linux-gnueabi/libnfnetlink.so.0: OK
/usr/lib/arm-linux-gnueabi/libnl-3.so.200.20.0: OK
/usr/lib/arm-linux-gnueabi/libnl-cli-3.so.200.20.0: OK
/usr/lib/arm-linux-gnueabi/libnl-genl-3.so.200.20.0: OK
/usr/lib/arm-linux-gnueabi/libnl-idiag-3.so.200.20.0: OK
/usr/lib/arm-linux-gnueabi/libnl-nf-3.so.200.20.0: OK
/usr/lib/arm-linux-gnueabi/libnl-route-3.so.200.20.0: OK
/usr/lib/arm-linux-gnueabi/libnmpapi.so: OK
/usr/lib/arm-linux-gnueabi/libnsl.so.1: OK
/usr/lib/arm-linux-gnueabi/libnss_compat.so.2: OK
/usr/lib/arm-linux-gnueabi/libnss_db.so.2: OK
/usr/lib/arm-linux-gnueabi/libnss_dns.so.2: OK
/usr/lib/arm-linux-gnueabi/libnss_files.so.2: OK
/usr/lib/arm-linux-gnueabi/libnss_hesiod.so.2: OK
/usr/lib/arm-linux-gnueabi/libnss_mdns4.so.2: OK
/usr/lib/arm-linux-gnueabi/libnss_mdns4_minimal.so.2: OK
/usr/lib/arm-linux-gnueabi/libnt.so: OK
/usr/lib/arm-linux-gnueabi/libnvram.so: OK
/usr/lib/arm-linux-gnueabi/libogg.so.0: OK
/usr/lib/arm-linux-gnueabi/libonig.so.5.4.0: OK
/usr/lib/arm-linux-gnueabi/libovpn.so: OK
/usr/lib/arm-linux-gnueabi/libpam.so.2: OK
/usr/lib/arm-linux-gnueabi/libpasswd.so: OK
/usr/lib/arm-linux-gnueabi/libpcprofile.so: OK
/usr/lib/arm-linux-gnueabi/libpcre.so.1.0.1: OK
/usr/lib/arm-linux-gnueabi/libpcreposix.so.0.0.1: OK
/usr/lib/arm-linux-gnueabi/libpng16.so.16.37.0: OK
/usr/lib/arm-linux-gnueabi/libptcsrv.so: OK
/usr/lib/arm-linux-gnueabi/libpthread.so.0: OK
/usr/lib/arm-linux-gnueabi/libpwrctl.so: OK
/usr/lib/arm-linux-gnueabi/libqrencode.so.4.1.1: OK
/usr/lib/arm-linux-gnueabi/librdpactl.so: OK
/usr/lib/arm-linux-gnueabi/libresolv.so.2: OK
/usr/lib/arm-linux-gnueabi/librt.so.1: OK
/usr/lib/arm-linux-gnueabi/libshared.so: OK
/usr/lib/arm-linux-gnueabi/libshn_pctrl.so: OK
/usr/lib/arm-linux-gnueabi/libshn_utils.so: OK
/usr/lib/arm-linux-gnueabi/libsmartsync_api.so: OK
/usr/lib/arm-linux-gnueabi/libsmbclient.so.0: OK
/usr/lib/arm-linux-gnueabi/libsqlite3.so.0.8.6: OK
/usr/lib/arm-linux-gnueabi/libssl.so.1.1: OK
/usr/lib/arm-linux-gnueabi/libstdc++.so.6: OK
/usr/lib/arm-linux-gnueabi/libsys_util.so: OK
/usr/lib/arm-linux-gnueabi/libthread_db.so.1: OK
/usr/lib/arm-linux-gnueabi/libtmctl.so: OK
/usr/lib/arm-linux-gnueabi/libubox.so: OK
/usr/lib/arm-linux-gnueabi/libusb-0.1.so.4: OK
/usr/lib/arm-linux-gnueabi/libusb-1.0.so.0: OK
/usr/lib/arm-linux-gnueabi/libutil.so.1: OK
/usr/lib/arm-linux-gnueabi/libuuid.so.1.2: OK
/usr/lib/arm-linux-gnueabi/libvlanctl.so: OK
/usr/lib/arm-linux-gnueabi/libvorbis.so.0: OK
/usr/lib/arm-linux-gnueabi/libwebapi.so: OK
/usr/lib/arm-linux-gnueabi/libwlc_nt_client.so: OK
/usr/lib/arm-linux-gnueabi/libwlcsm.so: OK
/usr/lib/arm-linux-gnueabi/libwpa_client.so: OK
/usr/lib/arm-linux-gnueabi/libws.so: OK
/usr/lib/arm-linux-gnueabi/libxml2.so.2: OK
/usr/lib/arm-linux-gnueabi/libxtables.so: OK
/usr/lib/arm-linux-gnueabi/libz.so.1: OK
/usr/lib/arm-linux-gnueabi/libzebra.so.0.0.0: OK
/usr/lib/arm-linux-gnueabi/mod_access.so: OK
/usr/lib/arm-linux-gnueabi/mod_aicloud_auth.so: OK
/usr/lib/arm-linux-gnueabi/mod_aicloud_invite.so: OK
/usr/lib/arm-linux-gnueabi/mod_aicloud_sharelink.so: OK
/usr/lib/arm-linux-gnueabi/mod_aidisk_access.so: OK
/usr/lib/arm-linux-gnueabi/mod_alias.so: OK
/usr/lib/arm-linux-gnueabi/mod_auth.so: OK
/usr/lib/arm-linux-gnueabi/mod_captive_portal_uam.so: OK
/usr/lib/arm-linux-gnueabi/mod_compress.so: OK
/usr/lib/arm-linux-gnueabi/mod_create_captcha_image.so: OK
/usr/lib/arm-linux-gnueabi/mod_dirlisting.so: OK
/usr/lib/arm-linux-gnueabi/mod_indexfile.so: OK
/usr/lib/arm-linux-gnueabi/mod_query_field_json.so: OK
/usr/lib/arm-linux-gnueabi/mod_redirect.so: OK
/usr/lib/arm-linux-gnueabi/mod_rewrite.so: OK
/usr/lib/arm-linux-gnueabi/mod_smbdav.so: OK
/usr/lib/arm-linux-gnueabi/mod_staticfile.so: OK
/usr/lib/arm-linux-gnueabi/mod_userdir.so: OK
/usr/lib/arm-linux-gnueabi/mod_usertrack.so: OK
/usr/lib/arm-linux-gnueabi/mod_webdav.so: OK
/usr/lib/arm-linux-gnueabi/openvpn-plugin-auth-pam.so: OK
/usr/lib/arm-linux-gnueabi/pam_unix.so: OK
/usr/lib/arm-linux-gnueabihf/ld-linux-armhf.so.3: OK
/usr/lib/arm-linux-gnueabihf/libBrokenLocale.so.1: OK
/usr/lib/arm-linux-gnueabihf/libanl.so.1: OK
/usr/lib/arm-linux-gnueabihf/libc.so.6: OK
/usr/lib/arm-linux-gnueabihf/libc_malloc_debug.so.0: OK
/usr/lib/arm-linux-gnueabihf/libdl.so.2: OK
/usr/lib/arm-linux-gnueabihf/libm.so.6: OK
/usr/lib/arm-linux-gnueabihf/libmemusage.so: OK
/usr/lib/arm-linux-gnueabihf/libnsl.so.1: OK
/usr/lib/arm-linux-gnueabihf/libnss_compat.so.2: OK
/usr/lib/arm-linux-gnueabihf/libnss_db.so.2: OK
/usr/lib/arm-linux-gnueabihf/libnss_dns.so.2: OK
/usr/lib/arm-linux-gnueabihf/libnss_files.so.2: OK
/usr/lib/arm-linux-gnueabihf/libnss_hesiod.so.2: OK
/usr/lib/arm-linux-gnueabihf/libpcprofile.so: OK
/usr/lib/arm-linux-gnueabihf/libpthread.so.0: OK
/usr/lib/arm-linux-gnueabihf/libresolv.so.2: OK
/usr/lib/arm-linux-gnueabihf/librt.so.1: OK
/usr/lib/arm-linux-gnueabihf/libthread_db.so.1: OK
/usr/lib/arm-linux-gnueabihf/libutil.so.1: OK
LIVE_A53_BEGIN aarch64
LIBGCC_PROVIDER /tmp/leon-a53-runtime-verify-20260916/runtime/aarch64-linux-gnu/libgcc_s.so.1
PASS unwind_backtrace frames=5
PASS libgcc_signed_wide_division
PASS pthread_cancel_forced_unwind_cleanup
LIBGCC_RUNTIME_SMOKE_PASS
LIBGCC_CXX_DSO_EXCEPTION_PASS compiler=16.2.0
LIBSTDCXX_PROVIDER /tmp/leon-a53-runtime-verify-20260916/runtime/aarch64-linux-gnu/libstdc++.so.6
LIBSTDCXX_SMOKE_PASS dual_abi=0 compiler=16.2.0
LIBSTDCXX_PROVIDER /tmp/leon-a53-runtime-verify-20260916/runtime/aarch64-linux-gnu/libstdc++.so.6
LIBSTDCXX_SMOKE_PASS dual_abi=1 compiler=16.2.0
LIVE_A53_COMPLETE aarch64
LIVE_A53_BEGIN armel
LIBGCC_PROVIDER /tmp/leon-a53-runtime-verify-20260916/runtime/arm-linux-gnueabi/libgcc_s.so.1
PASS unwind_backtrace frames=4
PASS libgcc_signed_wide_division
PASS pthread_cancel_forced_unwind_cleanup
LIBGCC_RUNTIME_SMOKE_PASS
LIBGCC_CXX_DSO_EXCEPTION_PASS compiler=15.2.0
LIBSTDCXX_PROVIDER /tmp/leon-a53-runtime-verify-20260916/runtime/arm-linux-gnueabi/libstdc++.so.6
LIBSTDCXX_SMOKE_PASS dual_abi=0 compiler=15.2.0
LIBSTDCXX_PROVIDER /tmp/leon-a53-runtime-verify-20260916/runtime/arm-linux-gnueabi/libstdc++.so.6
LIBSTDCXX_SMOKE_PASS dual_abi=1 compiler=15.2.0
LIVE_A53_COMPLETE armel
LIVE_A53_BEGIN armhf
LIBGCC_PROVIDER /tmp/leon-a53-runtime-verify-20260916/runtime/arm-linux-gnueabihf/libgcc_s.so.1
PASS unwind_backtrace frames=4
PASS libgcc_signed_wide_division
PASS pthread_cancel_forced_unwind_cleanup
LIBGCC_RUNTIME_SMOKE_PASS
LIBGCC_CXX_DSO_EXCEPTION_PASS compiler=15.2.0
LIBSTDCXX_PROVIDER /tmp/leon-a53-runtime-verify-20260916/runtime/arm-linux-gnueabihf/libstdc++.so.6
LIBSTDCXX_SMOKE_PASS dual_abi=0 compiler=15.2.0
LIBSTDCXX_PROVIDER /tmp/leon-a53-runtime-verify-20260916/runtime/arm-linux-gnueabihf/libstdc++.so.6
LIBSTDCXX_SMOKE_PASS dual_abi=1 compiler=15.2.0
LIVE_A53_COMPLETE armhf
LIVE_A53_BEGIN armel-legacy
LIBGCC_PROVIDER /tmp/leon-a53-runtime-verify-20260916/runtime/arm-linux-gnueabi/libgcc_s.so.1
PASS unwind_backtrace frames=4
PASS libgcc_signed_wide_division
PASS pthread_cancel_forced_unwind_cleanup
LIBGCC_RUNTIME_SMOKE_PASS
LIBGCC_CXX_DSO_EXCEPTION_PASS compiler=10.3.0
LIBSTDCXX_PROVIDER /tmp/leon-a53-runtime-verify-20260916/runtime/arm-linux-gnueabi/libstdc++.so.6
LIBSTDCXX_SMOKE_PASS dual_abi=0 compiler=10.3.0
LIBSTDCXX_PROVIDER /tmp/leon-a53-runtime-verify-20260916/runtime/arm-linux-gnueabi/libstdc++.so.6
LIBSTDCXX_SMOKE_PASS dual_abi=1 compiler=10.3.0
LIVE_A53_COMPLETE armel-legacy
LIVE_A53_BEGIN aarch64-legacy
LIBGCC_PROVIDER /tmp/leon-a53-runtime-verify-20260916/runtime/aarch64-linux-gnu/libgcc_s.so.1
PASS unwind_backtrace frames=5
PASS libgcc_signed_wide_division
PASS pthread_cancel_forced_unwind_cleanup
LIBGCC_RUNTIME_SMOKE_PASS
LIBGCC_CXX_DSO_EXCEPTION_PASS compiler=13.3.0
LIBSTDCXX_PROVIDER /tmp/leon-a53-runtime-verify-20260916/runtime/aarch64-linux-gnu/libstdc++.so.6
LIBSTDCXX_SMOKE_PASS dual_abi=0 compiler=13.3.0
LIBSTDCXX_PROVIDER /tmp/leon-a53-runtime-verify-20260916/runtime/aarch64-linux-gnu/libstdc++.so.6
LIBSTDCXX_SMOKE_PASS dual_abi=1 compiler=13.3.0
LIVE_A53_COMPLETE aarch64-legacy
LAB_MULTIARCH_LIBRARY zlib /tmp/leon-a53-runtime-verify-20260916/runtime/arm-linux-gnueabi/libz.so.1
LAB_MULTIARCH_LIBRARY expat /usr/lib/arm-linux-gnueabi/libexpat.so.1
LAB_MULTIARCH_LIBRARY json-c /usr/lib/arm-linux-gnueabi/libjson-c.so.2
LAB_MULTIARCH_LIBRARY libcap-ng /usr/lib/arm-linux-gnueabi/libcap-ng.so.0
LAB_GCC15_LIBRARY_PROBE_PASS zlib=1.2.12 expat=expat_2.0.1 pointer=4 time=4 offset=4
/usr/lib/aarch64-linux-gnu/ld-linux-aarch64.so.1: OK
/usr/lib/aarch64-linux-gnu/libBrokenLocale.so.1: OK
/usr/lib/aarch64-linux-gnu/libacl.so.1.1.2302: OK
/usr/lib/aarch64-linux-gnu/libanl.so.1: OK
/usr/lib/aarch64-linux-gnu/libatomic.so.1.2.0: OK
/usr/lib/aarch64-linux-gnu/libblkid.so.1.1.0: OK
/usr/lib/aarch64-linux-gnu/libc.so.6: OK
/usr/lib/aarch64-linux-gnu/libc_malloc_debug.so.0: OK
/usr/lib/aarch64-linux-gnu/libcrypt.so.1.1.0: OK
/usr/lib/aarch64-linux-gnu/libdl.so.2: OK
/usr/lib/aarch64-linux-gnu/libebtc.so.0.0.0: OK
/usr/lib/aarch64-linux-gnu/libgcc_s.so.1: OK
/usr/lib/aarch64-linux-gnu/libgomp.so.1.0.0: OK
/usr/lib/aarch64-linux-gnu/libinih.so.1.0.0: OK
/usr/lib/aarch64-linux-gnu/liblzo2.so.2.0.0: OK
/usr/lib/aarch64-linux-gnu/libm.so.6: OK
/usr/lib/aarch64-linux-gnu/libmemusage.so: OK
/usr/lib/aarch64-linux-gnu/libmount.so.1.1.0: OK
/usr/lib/aarch64-linux-gnu/libmvec.so.1: OK
/usr/lib/aarch64-linux-gnu/libncursesw.so.6.6: OK
/usr/lib/aarch64-linux-gnu/libnsl.so.1: OK
/usr/lib/aarch64-linux-gnu/libnss_compat.so.2: OK
/usr/lib/aarch64-linux-gnu/libnss_db.so.2: OK
/usr/lib/aarch64-linux-gnu/libnss_dns.so.2: OK
/usr/lib/aarch64-linux-gnu/libnss_files.so.2: OK
/usr/lib/aarch64-linux-gnu/libnss_hesiod.so.2: OK
/usr/lib/aarch64-linux-gnu/libpcprofile.so: OK
/usr/lib/aarch64-linux-gnu/libpthread.so.0: OK
/usr/lib/aarch64-linux-gnu/libresolv.so.2: OK
/usr/lib/aarch64-linux-gnu/librt.so.1: OK
/usr/lib/aarch64-linux-gnu/libstdc++.so.6.0.36: OK
/usr/lib/aarch64-linux-gnu/libthread_db.so.1: OK
/usr/lib/aarch64-linux-gnu/libtinfo.so.6.6: OK
/usr/lib/aarch64-linux-gnu/liburcu-bp.so.8.1.0: OK
/usr/lib/aarch64-linux-gnu/liburcu-cds.so.8.1.0: OK
/usr/lib/aarch64-linux-gnu/liburcu-common.so.8.1.0: OK
/usr/lib/aarch64-linux-gnu/liburcu-mb.so.8.1.0: OK
/usr/lib/aarch64-linux-gnu/liburcu-memb.so.8.1.0: OK
/usr/lib/aarch64-linux-gnu/liburcu-qsbr.so.8.1.0: OK
/usr/lib/aarch64-linux-gnu/liburcu.so.8.1.0: OK
/usr/lib/aarch64-linux-gnu/libutil.so.1: OK
/usr/lib/aarch64-linux-gnu/libuuid.so.1.3.0: OK
/usr/lib/aarch64-linux-gnu/libz.so.1.3.2: OK
/usr/lib/aarch64-linux-gnu/libzstd.so.1.5.7: OK
/usr/lib/arm-linux-gnueabi/ld-linux.so.3: OK
/usr/lib/arm-linux-gnueabi/leon-trial-bootguard.so: OK
/usr/lib/arm-linux-gnueabi/libBrokenLocale.so.1: OK
/usr/lib/arm-linux-gnueabi/libFLAC.so.8: OK
/usr/lib/arm-linux-gnueabi/libamas-utils.so: OK
/usr/lib/arm-linux-gnueabi/libanl.so.1: OK
/usr/lib/arm-linux-gnueabi/libarcher.so: OK
/usr/lib/arm-linux-gnueabi/libasc.so: OK
/usr/lib/arm-linux-gnueabi/libasd.so: OK
/usr/lib/arm-linux-gnueabi/libasuslog.so: OK
/usr/lib/arm-linux-gnueabi/libasusnatnl.so: OK
/usr/lib/arm-linux-gnueabi/libatalk.so.6.0.0: OK
/usr/lib/arm-linux-gnueabi/libavahi-common.so.3.5.4: OK
/usr/lib/arm-linux-gnueabi/libavahi-core.so.7.1.0: OK
/usr/lib/arm-linux-gnueabi/libavcodec.so.58: OK
/usr/lib/arm-linux-gnueabi/libavformat.so.58: OK
/usr/lib/arm-linux-gnueabi/libavutil.so.56: OK
/usr/lib/arm-linux-gnueabi/libawsiot_ipc.so: OK
/usr/lib/arm-linux-gnueabi/libbcm.so: OK
/usr/lib/arm-linux-gnueabi/libbcm_boardctl.so: OK
/usr/lib/arm-linux-gnueabi/libbcm_flashutil.so: OK
/usr/lib/arm-linux-gnueabi/libbcm_util.so: OK
/usr/lib/arm-linux-gnueabi/libbcmcrypto.so: OK
/usr/lib/arm-linux-gnueabi/libbcmmcast.so: OK
/usr/lib/arm-linux-gnueabi/libbdmf.so: OK
/usr/lib/arm-linux-gnueabi/libblkid.so.1.0: OK
/usr/lib/arm-linux-gnueabi/libblobmsg_json.so: OK
/usr/lib/arm-linux-gnueabi/libblogctl.so: OK
/usr/lib/arm-linux-gnueabi/libbp3hal.so: OK
/usr/lib/arm-linux-gnueabi/libbridgeutil.so: OK
/usr/lib/arm-linux-gnueabi/libbwdpi.so: OK
/usr/lib/arm-linux-gnueabi/libbwdpi_sql.so: OK
/usr/lib/arm-linux-gnueabi/libc.so.6: OK
/usr/lib/arm-linux-gnueabi/libc_malloc_debug.so.0: OK
/usr/lib/arm-linux-gnueabi/libcap-ng.so.0.0.0: OK
/usr/lib/arm-linux-gnueabi/libceshared.so: OK
/usr/lib/arm-linux-gnueabi/libcfgmnt.so: OK
/usr/lib/arm-linux-gnueabi/libcjson.so.1.7.13: OK
/usr/lib/arm-linux-gnueabi/libcodb.so: OK
/usr/lib/arm-linux-gnueabi/libcom_err.so.2.1: OK
/usr/lib/arm-linux-gnueabi/libconn_diag.so: OK
/usr/lib/arm-linux-gnueabi/libcrypt.so.1: OK
/usr/lib/arm-linux-gnueabi/libcrypto.so.1.1: OK
/usr/lib/arm-linux-gnueabi/libcurl.so.4.8.0: OK
/usr/lib/arm-linux-gnueabi/libdaemon.so.0.5.0: OK
/usr/lib/arm-linux-gnueabi/libdb-4.8.so: OK
/usr/lib/arm-linux-gnueabi/libdisk.so: OK
/usr/lib/arm-linux-gnueabi/libdl.so.2: OK
/usr/lib/arm-linux-gnueabi/libdns_app_client.so: OK
/usr/lib/arm-linux-gnueabi/libdrop_ambient.so.0.0.0: OK
/usr/lib/arm-linux-gnueabi/libe2p.so.2.3: OK
/usr/lib/arm-linux-gnueabi/libethctl.so: OK
/usr/lib/arm-linux-gnueabi/libethswctl.so: OK
/usr/lib/arm-linux-gnueabi/libev.so.4.0.0: OK
/usr/lib/arm-linux-gnueabi/libevent-2.0.so.5: OK
/usr/lib/arm-linux-gnueabi/libexif.so.12: OK
/usr/lib/arm-linux-gnueabi/libexpat.so.1.5.2: OK
/usr/lib/arm-linux-gnueabi/libext2fs.so.2.4: OK
/usr/lib/arm-linux-gnueabi/libfcctl.so: OK
/usr/lib/arm-linux-gnueabi/libfdt-1.7.0.so: OK
/usr/lib/arm-linux-gnueabi/libgcc_s.so.1: OK
/usr/lib/arm-linux-gnueabi/libgcrypt.so.11.8.0: OK
/usr/lib/arm-linux-gnueabi/libgdbm.so.3.0.0: OK
/usr/lib/arm-linux-gnueabi/libgen_util.so: OK
/usr/lib/arm-linux-gnueabi/libgpg-error.so.0.8.0: OK
/usr/lib/arm-linux-gnueabi/libhttpdshared.so: OK
/usr/lib/arm-linux-gnueabi/libiconv.so.2.5.1: OK
/usr/lib/arm-linux-gnueabi/libid3tag.so.0: OK
/usr/lib/arm-linux-gnueabi/libip4tc.so: OK
/usr/lib/arm-linux-gnueabi/libip6tc.so: OK
/usr/lib/arm-linux-gnueabi/libipaddr.so: OK
/usr/lib/arm-linux-gnueabi/libipset.so.13.1.0: OK
/usr/lib/arm-linux-gnueabi/libiptc.so: OK
/usr/lib/arm-linux-gnueabi/libiqctl.so: OK
/usr/lib/arm-linux-gnueabi/libjansson.so: OK
/usr/lib/arm-linux-gnueabi/libjpeg.so: OK
/usr/lib/arm-linux-gnueabi/libjq.so.1.0.4: OK
/usr/lib/arm-linux-gnueabi/libjson-c.so.2.0.2: OK
/usr/lib/arm-linux-gnueabi/libletsencrypt.so: OK
/usr/lib/arm-linux-gnueabi/liblightsql.so: OK
/usr/lib/arm-linux-gnueabi/liblldpctl.so.4.8.0: OK
/usr/lib/arm-linux-gnueabi/liblz4.so.1.9.2: OK
/usr/lib/arm-linux-gnueabi/liblzo2.so.2: OK
/usr/lib/arm-linux-gnueabi/libm.so.6: OK
/usr/lib/arm-linux-gnueabi/libmemusage.so: OK
/usr/lib/arm-linux-gnueabi/libmnl.so.0.2.0: OK
/usr/lib/arm-linux-gnueabi/libmssl.so: OK
/usr/lib/arm-linux-gnueabi/libneon.so.27.3.2: OK
/usr/lib/arm-linux-gnueabi/libnetfilter_conntrack.so.3: OK
/usr/lib/arm-linux-gnueabi/libnetfilter_cttimeout.so.1: OK
/usr/lib/arm-linux-gnueabi/libnetfilter_queue.so.1: OK
/usr/lib/arm-linux-gnueabi/libnetsnmp.so.35.0.0: OK
/usr/lib/arm-linux-gnueabi/libnetsnmpagent.so.35.0.0: OK
/usr/lib/arm-linux-gnueabi/libnetsnmphelpers.so.35.0.0: OK
/usr/lib/arm-linux-gnueabi/libnetsnmpmibs.so.35.0.0: OK
/usr/lib/arm-linux-gnueabi/libnfnetlink.so.0: OK
/usr/lib/arm-linux-gnueabi/libnl-3.so.200.20.0: OK
/usr/lib/arm-linux-gnueabi/libnl-cli-3.so.200.20.0: OK
/usr/lib/arm-linux-gnueabi/libnl-genl-3.so.200.20.0: OK
/usr/lib/arm-linux-gnueabi/libnl-idiag-3.so.200.20.0: OK
/usr/lib/arm-linux-gnueabi/libnl-nf-3.so.200.20.0: OK
/usr/lib/arm-linux-gnueabi/libnl-route-3.so.200.20.0: OK
/usr/lib/arm-linux-gnueabi/libnmpapi.so: OK
/usr/lib/arm-linux-gnueabi/libnsl.so.1: OK
/usr/lib/arm-linux-gnueabi/libnss_compat.so.2: OK
/usr/lib/arm-linux-gnueabi/libnss_db.so.2: OK
/usr/lib/arm-linux-gnueabi/libnss_dns.so.2: OK
/usr/lib/arm-linux-gnueabi/libnss_files.so.2: OK
/usr/lib/arm-linux-gnueabi/libnss_hesiod.so.2: OK
/usr/lib/arm-linux-gnueabi/libnss_mdns4.so.2: OK
/usr/lib/arm-linux-gnueabi/libnss_mdns4_minimal.so.2: OK
/usr/lib/arm-linux-gnueabi/libnt.so: OK
/usr/lib/arm-linux-gnueabi/libnvram.so: OK
/usr/lib/arm-linux-gnueabi/libogg.so.0: OK
/usr/lib/arm-linux-gnueabi/libonig.so.5.4.0: OK
/usr/lib/arm-linux-gnueabi/libovpn.so: OK
/usr/lib/arm-linux-gnueabi/libpam.so.2: OK
/usr/lib/arm-linux-gnueabi/libpasswd.so: OK
/usr/lib/arm-linux-gnueabi/libpcprofile.so: OK
/usr/lib/arm-linux-gnueabi/libpcre.so.1.0.1: OK
/usr/lib/arm-linux-gnueabi/libpcreposix.so.0.0.1: OK
/usr/lib/arm-linux-gnueabi/libpng16.so.16.37.0: OK
/usr/lib/arm-linux-gnueabi/libptcsrv.so: OK
/usr/lib/arm-linux-gnueabi/libpthread.so.0: OK
/usr/lib/arm-linux-gnueabi/libpwrctl.so: OK
/usr/lib/arm-linux-gnueabi/libqrencode.so.4.1.1: OK
/usr/lib/arm-linux-gnueabi/librdpactl.so: OK
/usr/lib/arm-linux-gnueabi/libresolv.so.2: OK
/usr/lib/arm-linux-gnueabi/librt.so.1: OK
/usr/lib/arm-linux-gnueabi/libshared.so: OK
/usr/lib/arm-linux-gnueabi/libshn_pctrl.so: OK
/usr/lib/arm-linux-gnueabi/libshn_utils.so: OK
/usr/lib/arm-linux-gnueabi/libsmartsync_api.so: OK
/usr/lib/arm-linux-gnueabi/libsmbclient.so.0: OK
/usr/lib/arm-linux-gnueabi/libsqlite3.so.0.8.6: OK
/usr/lib/arm-linux-gnueabi/libssl.so.1.1: OK
/usr/lib/arm-linux-gnueabi/libstdc++.so.6: OK
/usr/lib/arm-linux-gnueabi/libsys_util.so: OK
/usr/lib/arm-linux-gnueabi/libthread_db.so.1: OK
/usr/lib/arm-linux-gnueabi/libtmctl.so: OK
/usr/lib/arm-linux-gnueabi/libubox.so: OK
/usr/lib/arm-linux-gnueabi/libusb-0.1.so.4: OK
/usr/lib/arm-linux-gnueabi/libusb-1.0.so.0: OK
/usr/lib/arm-linux-gnueabi/libutil.so.1: OK
/usr/lib/arm-linux-gnueabi/libuuid.so.1.2: OK
/usr/lib/arm-linux-gnueabi/libvlanctl.so: OK
/usr/lib/arm-linux-gnueabi/libvorbis.so.0: OK
/usr/lib/arm-linux-gnueabi/libwebapi.so: OK
/usr/lib/arm-linux-gnueabi/libwlc_nt_client.so: OK
/usr/lib/arm-linux-gnueabi/libwlcsm.so: OK
/usr/lib/arm-linux-gnueabi/libwpa_client.so: OK
/usr/lib/arm-linux-gnueabi/libws.so: OK
/usr/lib/arm-linux-gnueabi/libxml2.so.2: OK
/usr/lib/arm-linux-gnueabi/libxtables.so: OK
/usr/lib/arm-linux-gnueabi/libz.so.1: OK
/usr/lib/arm-linux-gnueabi/libzebra.so.0.0.0: OK
/usr/lib/arm-linux-gnueabi/mod_access.so: OK
/usr/lib/arm-linux-gnueabi/mod_aicloud_auth.so: OK
/usr/lib/arm-linux-gnueabi/mod_aicloud_invite.so: OK
/usr/lib/arm-linux-gnueabi/mod_aicloud_sharelink.so: OK
/usr/lib/arm-linux-gnueabi/mod_aidisk_access.so: OK
/usr/lib/arm-linux-gnueabi/mod_alias.so: OK
/usr/lib/arm-linux-gnueabi/mod_auth.so: OK
/usr/lib/arm-linux-gnueabi/mod_captive_portal_uam.so: OK
/usr/lib/arm-linux-gnueabi/mod_compress.so: OK
/usr/lib/arm-linux-gnueabi/mod_create_captcha_image.so: OK
/usr/lib/arm-linux-gnueabi/mod_dirlisting.so: OK
/usr/lib/arm-linux-gnueabi/mod_indexfile.so: OK
/usr/lib/arm-linux-gnueabi/mod_query_field_json.so: OK
/usr/lib/arm-linux-gnueabi/mod_redirect.so: OK
/usr/lib/arm-linux-gnueabi/mod_rewrite.so: OK
/usr/lib/arm-linux-gnueabi/mod_smbdav.so: OK
/usr/lib/arm-linux-gnueabi/mod_staticfile.so: OK
/usr/lib/arm-linux-gnueabi/mod_userdir.so: OK
/usr/lib/arm-linux-gnueabi/mod_usertrack.so: OK
/usr/lib/arm-linux-gnueabi/mod_webdav.so: OK
/usr/lib/arm-linux-gnueabi/openvpn-plugin-auth-pam.so: OK
/usr/lib/arm-linux-gnueabi/pam_unix.so: OK
/usr/lib/arm-linux-gnueabihf/ld-linux-armhf.so.3: OK
/usr/lib/arm-linux-gnueabihf/libBrokenLocale.so.1: OK
/usr/lib/arm-linux-gnueabihf/libanl.so.1: OK
/usr/lib/arm-linux-gnueabihf/libc.so.6: OK
/usr/lib/arm-linux-gnueabihf/libc_malloc_debug.so.0: OK
/usr/lib/arm-linux-gnueabihf/libdl.so.2: OK
/usr/lib/arm-linux-gnueabihf/libm.so.6: OK
/usr/lib/arm-linux-gnueabihf/libmemusage.so: OK
/usr/lib/arm-linux-gnueabihf/libnsl.so.1: OK
/usr/lib/arm-linux-gnueabihf/libnss_compat.so.2: OK
/usr/lib/arm-linux-gnueabihf/libnss_db.so.2: OK
/usr/lib/arm-linux-gnueabihf/libnss_dns.so.2: OK
/usr/lib/arm-linux-gnueabihf/libnss_files.so.2: OK
/usr/lib/arm-linux-gnueabihf/libnss_hesiod.so.2: OK
/usr/lib/arm-linux-gnueabihf/libpcprofile.so: OK
/usr/lib/arm-linux-gnueabihf/libpthread.so.0: OK
/usr/lib/arm-linux-gnueabihf/libresolv.so.2: OK
/usr/lib/arm-linux-gnueabihf/librt.so.1: OK
/usr/lib/arm-linux-gnueabihf/libthread_db.so.1: OK
/usr/lib/arm-linux-gnueabihf/libutil.so.1: OK
	Flow Refresh Timer Interval  = 10000 millisecs
	TCP Flow Idle Timer          = 60 s
	UDP Flow Idle Timer          = 120 s
	L2 Flow Idle Timer           = 120 s
	Mcast Flow Idle Timer        = 120 s
	Other Flow Idle Timer        = 120 s
	Pkt-HW Activate Deferral rate = 1
	Pkt-HW Idle Deactivate = 0
	Pkt-SW Activate Deferral count = 0
	Flow Low Pkt Rate = 10
	Acceleration Mode: <L2 & L3>
	MCast Acceleration IPv4<Enabled> IPv6<Enabled>
	IPv6 Learning <Enabled>
	L2TP Learning <Enabled>
	GRE Learning <Enabled>
	4o6 Fragmentation <Enabled>
	TCP Ack Prioritization <Enabled> 
	ToS Multi Flow <Enabled> 
	Notify Processing Mode <Hybrid> 
	Rx Pkt Length Mode <Enabled>
	OVS Flow Learning <Disabled> 
	HW Acceleration <Enabled> 
	Tx Thread <Enabled> 
	Tx Thread Idle Delay <8> yield loops 
	Flow Ucast Learning Enabled  : Max<16383>, Active<183>, Cumulative [ 20152 - 19969 ]
	Flow Mcast Learning Enabled  : Max<1152>, Active<0>, Cumulative [ 0 - 0 ]
	Pure LLC Acceleration: <Disabled>
	Flow Refresh Timer Interval  = 10000 millisecs
	TCP Flow Idle Timer          = 60 s
	UDP Flow Idle Timer          = 120 s
	L2 Flow Idle Timer           = 120 s
	Mcast Flow Idle Timer        = 120 s
	Other Flow Idle Timer        = 120 s
	Pkt-HW Activate Deferral rate = 1
	Pkt-HW Idle Deactivate = 0
	Pkt-SW Activate Deferral count = 0
	Flow Low Pkt Rate = 10
	Acceleration Mode: <L2 & L3>
	MCast Acceleration IPv4<Enabled> IPv6<Enabled>
	IPv6 Learning <Enabled>
	L2TP Learning <Enabled>
	GRE Learning <Enabled>
	4o6 Fragmentation <Enabled>
	TCP Ack Prioritization <Enabled> 
	ToS Multi Flow <Enabled> 
	Notify Processing Mode <Hybrid> 
	Rx Pkt Length Mode <Enabled>
	OVS Flow Learning <Disabled> 
	HW Acceleration <Enabled> 
	Tx Thread <Enabled> 
	Tx Thread Idle Delay <8> yield loops 
	Flow Ucast Learning Enabled  : Max<16383>, Active<183>, Cumulative [ 20152 - 19969 ]
	Flow Mcast Learning Enabled  : Max<1152>, Active<0>, Cumulative [ 0 - 0 ]
	Pure LLC Acceleration: <Disabled>
LIVE_A53_ISOLATED_PASS
